npm warn Unknown project config "‚à©‚îê‚ïú‚à©‚îê‚ïúl e g a c y - p e e r - d e p s ". This will stop working in the next major version of npm.
npm warn Unknown project config " ". This will stop working in the next major version of npm.
  Œì√ª‚ñì Next.js 14.2.35
  - Environments: .env

   Creating an optimized production build ...
<w> [webpack.cache.PackFileCacheStrategy] Serializing big strings (133kiB) impacts deserialization performance (consider using Buffer instead and decode when needed)
 Œì¬£√¥ Compiled successfully
   Skipping validation of types
   Skipping linting
   Collecting page data ...
Œì√ú√°‚à©‚ïï√Ö  Supabase credentials missing or invalid. URL valid: false, Key valid: false. Using safe placeholder.
Œì√ú√°‚à©‚ïï√Ö  Supabase credentials missing or invalid. URL valid: false, Key valid: false. Using safe placeholder.
Œì√ú√°‚à©‚ïï√Ö  Supabase credentials missing or invalid. URL valid: false, Key valid: false. Using safe placeholder.
Œì√ú√°‚à©‚ïï√Ö  Supabase credentials missing or invalid. URL valid: false, Key valid: false. Using safe placeholder.
Œì√ú√°‚à©‚ïï√Ö  Supabase credentials missing or invalid. URL valid: false, Key valid: false. Using safe placeholder.
Œì√ú√°‚à©‚ïï√Ö  Supabase credentials missing or invalid. URL valid: false, Key valid: false. Using safe placeholder.
Œì√ú√°‚à©‚ïï√Ö  Supabase credentials missing or invalid. URL valid: false, Key valid: false. Using safe placeholder.
Œì√ú√°‚à©‚ïï√Ö  Supabase credentials missing or invalid. URL valid: false, Key valid: false. Using safe placeholder.
Œì√ú√°‚à©‚ïï√Ö  Supabase credentials missing or invalid. URL valid: false, Key valid: false. Using safe placeholder.
Œì√ú√°‚à©‚ïï√Ö  Supabase credentials missing or invalid. URL valid: false, Key valid: false. Using safe placeholder.
Œì√ú√°‚à©‚ïï√Ö  Supabase credentials missing or invalid. URL valid: false, Key valid: false. Using safe placeholder.
Œì√ú√°‚à©‚ïï√Ö  Supabase credentials missing or invalid. URL valid: false, Key valid: false. Using safe placeholder.
Œì√ú√°‚à©‚ïï√Ö  Supabase credentials missing or invalid. URL valid: false, Key valid: false. Using safe placeholder.
Œì√ú√°‚à©‚ïï√Ö  Supabase credentials missing or invalid. URL valid: false, Key valid: false. Using safe placeholder.
Œì√ú√°‚à©‚ïï√Ö  Supabase credentials missing or invalid. URL valid: false, Key valid: false. Using safe placeholder.
Œì√ú√°‚à©‚ïï√Ö  Supabase credentials missing or invalid. URL valid: false, Key valid: false. Using safe placeholder.
Œì√ú√°‚à©‚ïï√Ö  WARNING: No Gemini API key found in environment variables
   Please set GEMINI_API_KEY in your .env.local file
[dotenv@17.2.4] injecting env (0) from .env -- tip: ‚â°∆í¬¢√°‚à©‚ïï√Ö  run anywhere with `dotenvx run -- yourcommand`
Œì√ú√°‚à©‚ïï√Ö ElevenLabs API Key missing. Voice generation will fail.
   Generating static pages (0/120) ...
API Request: /api/story-data
URL available: true
Service Key available: false
Missing Supabase credentials
Error fetching posts: {
  message: 'TypeError: fetch failed',
  details: 'TypeError: fetch failed\n' +
    '\n' +
    'Caused by: Error: getaddrinfo ENOTFOUND placeholder.supabase.co (ENOTFOUND)\n' +
    'Error: getaddrinfo ENOTFOUND placeholder.supabase.co\n' +
    '    at GetAddrInfoReqWrap.onlookupall [as oncomplete] (node:dns:122:26)',
  hint: '',
  code: ''
}
Œì√ú√°‚à©‚ïï√Ö  Supabase credentials missing or invalid. URL valid: false, Key valid: false. Using safe placeholder.
Œì√ú√°‚à©‚ïï√Ö  Supabase credentials missing or invalid. URL valid: false, Key valid: false. Using safe placeholder.
CMS Fetch Warning: TypeError: fetch failed
CMS Fetch Warning: TypeError: fetch failed
 Œì¬ø¬ª useSearchParams() should be wrapped in a suspense boundary at page "/admin/blog". Read more: https://nextjs.org/docs/messages/missing-suspense-with-csr-bailout
    at a (C:\Users\Banjo\.gemini\antigravity\scratch\likkle-legends\.next\server\chunks\1056.js:23:16852)
    at c (C:\Users\Banjo\.gemini\antigravity\scratch\likkle-legends\.next\server\chunks\1056.js:23:27835)
    at a (C:\Users\Banjo\.gemini\antigravity\scratch\likkle-legends\.next\server\chunks\2088.js:46:2317)
    at nj (C:\Users\Banjo\.gemini\antigravity\scratch\likkle-legends\node_modules\next\dist\compiled\next-server\app-page.runtime.prod.js:12:46252)
    at nM (C:\Users\Banjo\.gemini\antigravity\scratch\likkle-legends\node_modules\next\dist\compiled\next-server\app-page.runtime.prod.js:12:47572)
    at nM (C:\Users\Banjo\.gemini\antigravity\scratch\likkle-legends\node_modules\next\dist\compiled\next-server\app-page.runtime.prod.js:12:61547)
    at nL (C:\Users\Banjo\.gemini\antigravity\scratch\likkle-legends\node_modules\next\dist\compiled\next-server\app-page.runtime.prod.js:12:64547)
    at nB (C:\Users\Banjo\.gemini\antigravity\scratch\likkle-legends\node_modules\next\dist\compiled\next-server\app-page.runtime.prod.js:12:67539)
    at nD (C:\Users\Banjo\.gemini\antigravity\scratch\likkle-legends\node_modules\next\dist\compiled\next-server\app-page.runtime.prod.js:12:66681)
    at nL (C:\Users\Banjo\.gemini\antigravity\scratch\likkle-legends\node_modules\next\dist\compiled\next-server\app-page.runtime.prod.js:12:64854)

Error occurred prerendering page "/admin/blog". Read more: https://nextjs.org/docs/messages/prerender-error

CMS Fetch Warning: TypeError: fetch failed
CMS Fetch Warning: TypeError: fetch failed
Œì√ú√°‚à©‚ïï√Ö  Supabase credentials missing or invalid. URL valid: false, Key valid: false. Using safe placeholder.
Œì√ú√°‚à©‚ïï√Ö  Supabase credentials missing or invalid. URL valid: false, Key valid: false. Using safe placeholder.
 Œì¬ø¬ª useSearchParams() should be wrapped in a suspense boundary at page "/account". Read more: https://nextjs.org/docs/messages/missing-suspense-with-csr-bailout
    at a (C:\Users\Banjo\.gemini\antigravity\scratch\likkle-legends\.next\server\chunks\1056.js:23:16852)
    at c (C:\Users\Banjo\.gemini\antigravity\scratch\likkle-legends\.next\server\chunks\1056.js:23:27835)
    at a (C:\Users\Banjo\.gemini\antigravity\scratch\likkle-legends\.next\server\chunks\2088.js:46:2317)
    at nj (C:\Users\Banjo\.gemini\antigravity\scratch\likkle-legends\node_modules\next\dist\compiled\next-server\app-page.runtime.prod.js:12:46252)
    at nM (C:\Users\Banjo\.gemini\antigravity\scratch\likkle-legends\node_modules\next\dist\compiled\next-server\app-page.runtime.prod.js:12:47572)
    at nM (C:\Users\Banjo\.gemini\antigravity\scratch\likkle-legends\node_modules\next\dist\compiled\next-server\app-page.runtime.prod.js:12:61547)
    at nL (C:\Users\Banjo\.gemini\antigravity\scratch\likkle-legends\node_modules\next\dist\compiled\next-server\app-page.runtime.prod.js:12:64547)
    at nB (C:\Users\Banjo\.gemini\antigravity\scratch\likkle-legends\node_modules\next\dist\compiled\next-server\app-page.runtime.prod.js:12:67539)
    at nD (C:\Users\Banjo\.gemini\antigravity\scratch\likkle-legends\node_modules\next\dist\compiled\next-server\app-page.runtime.prod.js:12:66681)
    at nL (C:\Users\Banjo\.gemini\antigravity\scratch\likkle-legends\node_modules\next\dist\compiled\next-server\app-page.runtime.prod.js:12:64854)

Error occurred prerendering page "/account". Read more: https://nextjs.org/docs/messages/prerender-error

CMS Fetch Warning: TypeError: fetch failed
CMS Fetch Warning: TypeError: fetch failed
Œì√ú√°‚à©‚ïï√Ö  Supabase credentials missing or invalid. URL valid: false, Key valid: false. Using safe placeholder.
Œì√ú√°‚à©‚ïï√Ö  Supabase credentials missing or invalid. URL valid: false, Key valid: false. Using safe placeholder.
 Œì¬ø¬ª useSearchParams() should be wrapped in a suspense boundary at page "/404". Read more: https://nextjs.org/docs/messages/missing-suspense-with-csr-bailout
    at a (C:\Users\Banjo\.gemini\antigravity\scratch\likkle-legends\.next\server\chunks\1056.js:23:16852)
    at c (C:\Users\Banjo\.gemini\antigravity\scratch\likkle-legends\.next\server\chunks\1056.js:23:27835)
    at a (C:\Users\Banjo\.gemini\antigravity\scratch\likkle-legends\.next\server\chunks\2088.js:46:2317)
    at nj (C:\Users\Banjo\.gemini\antigravity\scratch\likkle-legends\node_modules\next\dist\compiled\next-server\app-page.runtime.prod.js:12:46252)
    at nM (C:\Users\Banjo\.gemini\antigravity\scratch\likkle-legends\node_modules\next\dist\compiled\next-server\app-page.runtime.prod.js:12:47572)
    at nM (C:\Users\Banjo\.gemini\antigravity\scratch\likkle-legends\node_modules\next\dist\compiled\next-server\app-page.runtime.prod.js:12:61547)
    at nL (C:\Users\Banjo\.gemini\antigravity\scratch\likkle-legends\node_modules\next\dist\compiled\next-server\app-page.runtime.prod.js:12:64547)
    at nB (C:\Users\Banjo\.gemini\antigravity\scratch\likkle-legends\node_modules\next\dist\compiled\next-server\app-page.runtime.prod.js:12:67539)
    at nD (C:\Users\Banjo\.gemini\antigravity\scratch\likkle-legends\node_modules\next\dist\compiled\next-server\app-page.runtime.prod.js:12:66681)
    at nL (C:\Users\Banjo\.gemini\antigravity\scratch\likkle-legends\node_modules\next\dist\compiled\next-server\app-page.runtime.prod.js:12:64854)

Error occurred prerendering page "/_not-found". Read more: https://nextjs.org/docs/messages/prerender-error

   Generating static pages (30/120) 
CMS Fetch Warning: TypeError: fetch failed
CMS Fetch Warning: TypeError: fetch failed
Œì√ú√°‚à©‚ïï√Ö  Supabase credentials missing or invalid. URL valid: false, Key valid: false. Using safe placeholder.
Œì√ú√°‚à©‚ïï√Ö  Supabase credentials missing or invalid. URL valid: false, Key valid: false. Using safe placeholder.
 Œì¬ø¬ª useSearchParams() should be wrapped in a suspense boundary at page "/admin/announcements". Read more: https://nextjs.org/docs/messages/missing-suspense-with-csr-bailout
    at a (C:\Users\Banjo\.gemini\antigravity\scratch\likkle-legends\.next\server\chunks\1056.js:23:16852)
    at c (C:\Users\Banjo\.gemini\antigravity\scratch\likkle-legends\.next\server\chunks\1056.js:23:27835)
    at a (C:\Users\Banjo\.gemini\antigravity\scratch\likkle-legends\.next\server\chunks\2088.js:46:2317)
    at nj (C:\Users\Banjo\.gemini\antigravity\scratch\likkle-legends\node_modules\next\dist\compiled\next-server\app-page.runtime.prod.js:12:46252)
    at nM (C:\Users\Banjo\.gemini\antigravity\scratch\likkle-legends\node_modules\next\dist\compiled\next-server\app-page.runtime.prod.js:12:47572)
    at nM (C:\Users\Banjo\.gemini\antigravity\scratch\likkle-legends\node_modules\next\dist\compiled\next-server\app-page.runtime.prod.js:12:61547)
    at nL (C:\Users\Banjo\.gemini\antigravity\scratch\likkle-legends\node_modules\next\dist\compiled\next-server\app-page.runtime.prod.js:12:64547)
    at nB (C:\Users\Banjo\.gemini\antigravity\scratch\likkle-legends\node_modules\next\dist\compiled\next-server\app-page.runtime.prod.js:12:67539)
    at nD (C:\Users\Banjo\.gemini\antigravity\scratch\likkle-legends\node_modules\next\dist\compiled\next-server\app-page.runtime.prod.js:12:66681)
    at nL (C:\Users\Banjo\.gemini\antigravity\scratch\likkle-legends\node_modules\next\dist\compiled\next-server\app-page.runtime.prod.js:12:64854)

Error occurred prerendering page "/admin/announcements". Read more: https://nextjs.org/docs/messages/prerender-error

CMS Fetch Warning: TypeError: fetch failed
CMS Fetch Warning: TypeError: fetch failed
Œì√ú√°‚à©‚ïï√Ö  Supabase credentials missing or invalid. URL valid: false, Key valid: false. Using safe placeholder.
Œì√ú√°‚à©‚ïï√Ö  Supabase credentials missing or invalid. URL valid: false, Key valid: false. Using safe placeholder.
 Œì¬ø¬ª useSearchParams() should be wrapped in a suspense boundary at page "/admin/approval". Read more: https://nextjs.org/docs/messages/missing-suspense-with-csr-bailout
    at a (C:\Users\Banjo\.gemini\antigravity\scratch\likkle-legends\.next\server\chunks\1056.js:23:16852)
    at c (C:\Users\Banjo\.gemini\antigravity\scratch\likkle-legends\.next\server\chunks\1056.js:23:27835)
    at a (C:\Users\Banjo\.gemini\antigravity\scratch\likkle-legends\.next\server\chunks\2088.js:46:2317)
    at nj (C:\Users\Banjo\.gemini\antigravity\scratch\likkle-legends\node_modules\next\dist\compiled\next-server\app-page.runtime.prod.js:12:46252)
    at nM (C:\Users\Banjo\.gemini\antigravity\scratch\likkle-legends\node_modules\next\dist\compiled\next-server\app-page.runtime.prod.js:12:47572)
    at nM (C:\Users\Banjo\.gemini\antigravity\scratch\likkle-legends\node_modules\next\dist\compiled\next-server\app-page.runtime.prod.js:12:61547)
    at nL (C:\Users\Banjo\.gemini\antigravity\scratch\likkle-legends\node_modules\next\dist\compiled\next-server\app-page.runtime.prod.js:12:64547)
    at nB (C:\Users\Banjo\.gemini\antigravity\scratch\likkle-legends\node_modules\next\dist\compiled\next-server\app-page.runtime.prod.js:12:67539)
    at nD (C:\Users\Banjo\.gemini\antigravity\scratch\likkle-legends\node_modules\next\dist\compiled\next-server\app-page.runtime.prod.js:12:66681)
    at nL (C:\Users\Banjo\.gemini\antigravity\scratch\likkle-legends\node_modules\next\dist\compiled\next-server\app-page.runtime.prod.js:12:64854)

Error occurred prerendering page "/admin/approval". Read more: https://nextjs.org/docs/messages/prerender-error

Œì√ú√°‚à©‚ïï√Ö  Supabase credentials missing or invalid. URL valid: false, Key valid: false. Using safe placeholder.
Œì√ú√°‚à©‚ïï√Ö  Supabase credentials missing or invalid. URL valid: false, Key valid: false. Using safe placeholder.
Error fetching posts: {
  message: 'TypeError: fetch failed',
  details: 'TypeError: fetch failed\n' +
    '\n' +
    'Caused by: Error: getaddrinfo ENOTFOUND placeholder.supabase.co (ENOTFOUND)\n' +
    'Error: getaddrinfo ENOTFOUND placeholder.supabase.co\n' +
    '    at GetAddrInfoReqWrap.onlookupall [as oncomplete] (node:dns:122:26)',
  hint: '',
  code: ''
}
CMS Fetch Warning: TypeError: fetch failed
CMS Fetch Warning: TypeError: fetch failed
 Œì¬ø¬ª useSearchParams() should be wrapped in a suspense boundary at page "/admin/content". Read more: https://nextjs.org/docs/messages/missing-suspense-with-csr-bailout
    at a (C:\Users\Banjo\.gemini\antigravity\scratch\likkle-legends\.next\server\chunks\1056.js:23:16852)
    at c (C:\Users\Banjo\.gemini\antigravity\scratch\likkle-legends\.next\server\chunks\1056.js:23:27835)
    at a (C:\Users\Banjo\.gemini\antigravity\scratch\likkle-legends\.next\server\chunks\2088.js:46:2317)
    at nj (C:\Users\Banjo\.gemini\antigravity\scratch\likkle-legends\node_modules\next\dist\compiled\next-server\app-page.runtime.prod.js:12:46252)
    at nM (C:\Users\Banjo\.gemini\antigravity\scratch\likkle-legends\node_modules\next\dist\compiled\next-server\app-page.runtime.prod.js:12:47572)
    at nM (C:\Users\Banjo\.gemini\antigravity\scratch\likkle-legends\node_modules\next\dist\compiled\next-server\app-page.runtime.prod.js:12:61547)
    at nL (C:\Users\Banjo\.gemini\antigravity\scratch\likkle-legends\node_modules\next\dist\compiled\next-server\app-page.runtime.prod.js:12:64547)
    at nB (C:\Users\Banjo\.gemini\antigravity\scratch\likkle-legends\node_modules\next\dist\compiled\next-server\app-page.runtime.prod.js:12:67539)
    at nD (C:\Users\Banjo\.gemini\antigravity\scratch\likkle-legends\node_modules\next\dist\compiled\next-server\app-page.runtime.prod.js:12:66681)
    at nL (C:\Users\Banjo\.gemini\antigravity\scratch\likkle-legends\node_modules\next\dist\compiled\next-server\app-page.runtime.prod.js:12:64854)

Error occurred prerendering page "/admin/content". Read more: https://nextjs.org/docs/messages/prerender-error

CMS Fetch Warning: TypeError: fetch failed
CMS Fetch Warning: TypeError: fetch failed
 Œì¬ø¬ª useSearchParams() should be wrapped in a suspense boundary at page "/admin/client-debug". Read more: https://nextjs.org/docs/messages/missing-suspense-with-csr-bailout
    at a (C:\Users\Banjo\.gemini\antigravity\scratch\likkle-legends\.next\server\chunks\1056.js:23:16852)
    at c (C:\Users\Banjo\.gemini\antigravity\scratch\likkle-legends\.next\server\chunks\1056.js:23:27835)
    at a (C:\Users\Banjo\.gemini\antigravity\scratch\likkle-legends\.next\server\chunks\2088.js:46:2317)
    at nj (C:\Users\Banjo\.gemini\antigravity\scratch\likkle-legends\node_modules\next\dist\compiled\next-server\app-page.runtime.prod.js:12:46252)
    at nM (C:\Users\Banjo\.gemini\antigravity\scratch\likkle-legends\node_modules\next\dist\compiled\next-server\app-page.runtime.prod.js:12:47572)
    at nM (C:\Users\Banjo\.gemini\antigravity\scratch\likkle-legends\node_modules\next\dist\compiled\next-server\app-page.runtime.prod.js:12:61547)
    at nL (C:\Users\Banjo\.gemini\antigravity\scratch\likkle-legends\node_modules\next\dist\compiled\next-server\app-page.runtime.prod.js:12:64547)
    at nB (C:\Users\Banjo\.gemini\antigravity\scratch\likkle-legends\node_modules\next\dist\compiled\next-server\app-page.runtime.prod.js:12:67539)
    at nD (C:\Users\Banjo\.gemini\antigravity\scratch\likkle-legends\node_modules\next\dist\compiled\next-server\app-page.runtime.prod.js:12:66681)
    at nL (C:\Users\Banjo\.gemini\antigravity\scratch\likkle-legends\node_modules\next\dist\compiled\next-server\app-page.runtime.prod.js:12:64854)

Error occurred prerendering page "/admin/client-debug". Read more: https://nextjs.org/docs/messages/prerender-error

CMS Fetch Warning: TypeError: fetch failed
CMS Fetch Warning: TypeError: fetch failed
 Œì¬ø¬ª useSearchParams() should be wrapped in a suspense boundary at page "/admin/assets". Read more: https://nextjs.org/docs/messages/missing-suspense-with-csr-bailout
    at a (C:\Users\Banjo\.gemini\antigravity\scratch\likkle-legends\.next\server\chunks\1056.js:23:16852)
    at c (C:\Users\Banjo\.gemini\antigravity\scratch\likkle-legends\.next\server\chunks\1056.js:23:27835)
    at a (C:\Users\Banjo\.gemini\antigravity\scratch\likkle-legends\.next\server\chunks\2088.js:46:2317)
    at nj (C:\Users\Banjo\.gemini\antigravity\scratch\likkle-legends\node_modules\next\dist\compiled\next-server\app-page.runtime.prod.js:12:46252)
    at nM (C:\Users\Banjo\.gemini\antigravity\scratch\likkle-legends\node_modules\next\dist\compiled\next-server\app-page.runtime.prod.js:12:47572)
    at nM (C:\Users\Banjo\.gemini\antigravity\scratch\likkle-legends\node_modules\next\dist\compiled\next-server\app-page.runtime.prod.js:12:61547)
    at nL (C:\Users\Banjo\.gemini\antigravity\scratch\likkle-legends\node_modules\next\dist\compiled\next-server\app-page.runtime.prod.js:12:64547)
    at nB (C:\Users\Banjo\.gemini\antigravity\scratch\likkle-legends\node_modules\next\dist\compiled\next-server\app-page.runtime.prod.js:12:67539)
    at nD (C:\Users\Banjo\.gemini\antigravity\scratch\likkle-legends\node_modules\next\dist\compiled\next-server\app-page.runtime.prod.js:12:66681)
    at nL (C:\Users\Banjo\.gemini\antigravity\scratch\likkle-legends\node_modules\next\dist\compiled\next-server\app-page.runtime.prod.js:12:64854)

Error occurred prerendering page "/admin/assets". Read more: https://nextjs.org/docs/messages/prerender-error

CMS Fetch Warning: TypeError: fetch failed
CMS Fetch Warning: TypeError: fetch failed
 Œì¬ø¬ª useSearchParams() should be wrapped in a suspense boundary at page "/admin/cms". Read more: https://nextjs.org/docs/messages/missing-suspense-with-csr-bailout
    at a (C:\Users\Banjo\.gemini\antigravity\scratch\likkle-legends\.next\server\chunks\1056.js:23:16852)
    at c (C:\Users\Banjo\.gemini\antigravity\scratch\likkle-legends\.next\server\chunks\1056.js:23:27835)
    at a (C:\Users\Banjo\.gemini\antigravity\scratch\likkle-legends\.next\server\chunks\2088.js:46:2317)
    at nj (C:\Users\Banjo\.gemini\antigravity\scratch\likkle-legends\node_modules\next\dist\compiled\next-server\app-page.runtime.prod.js:12:46252)
    at nM (C:\Users\Banjo\.gemini\antigravity\scratch\likkle-legends\node_modules\next\dist\compiled\next-server\app-page.runtime.prod.js:12:47572)
    at nM (C:\Users\Banjo\.gemini\antigravity\scratch\likkle-legends\node_modules\next\dist\compiled\next-server\app-page.runtime.prod.js:12:61547)
    at nL (C:\Users\Banjo\.gemini\antigravity\scratch\likkle-legends\node_modules\next\dist\compiled\next-server\app-page.runtime.prod.js:12:64547)
    at nB (C:\Users\Banjo\.gemini\antigravity\scratch\likkle-legends\node_modules\next\dist\compiled\next-server\app-page.runtime.prod.js:12:67539)
    at nD (C:\Users\Banjo\.gemini\antigravity\scratch\likkle-legends\node_modules\next\dist\compiled\next-server\app-page.runtime.prod.js:12:66681)
    at nL (C:\Users\Banjo\.gemini\antigravity\scratch\likkle-legends\node_modules\next\dist\compiled\next-server\app-page.runtime.prod.js:12:64854)

Error occurred prerendering page "/admin/cms". Read more: https://nextjs.org/docs/messages/prerender-error

CMS Fetch Warning: TypeError: fetch failed
CMS Fetch Warning: TypeError: fetch failed
 Œì¬ø¬ª useSearchParams() should be wrapped in a suspense boundary at page "/admin/analytics". Read more: https://nextjs.org/docs/messages/missing-suspense-with-csr-bailout
    at a (C:\Users\Banjo\.gemini\antigravity\scratch\likkle-legends\.next\server\chunks\1056.js:23:16852)
    at c (C:\Users\Banjo\.gemini\antigravity\scratch\likkle-legends\.next\server\chunks\1056.js:23:27835)
    at a (C:\Users\Banjo\.gemini\antigravity\scratch\likkle-legends\.next\server\chunks\2088.js:46:2317)
    at nj (C:\Users\Banjo\.gemini\antigravity\scratch\likkle-legends\node_modules\next\dist\compiled\next-server\app-page.runtime.prod.js:12:46252)
    at nM (C:\Users\Banjo\.gemini\antigravity\scratch\likkle-legends\node_modules\next\dist\compiled\next-server\app-page.runtime.prod.js:12:47572)
    at nM (C:\Users\Banjo\.gemini\antigravity\scratch\likkle-legends\node_modules\next\dist\compiled\next-server\app-page.runtime.prod.js:12:61547)
    at nL (C:\Users\Banjo\.gemini\antigravity\scratch\likkle-legends\node_modules\next\dist\compiled\next-server\app-page.runtime.prod.js:12:64547)
    at nB (C:\Users\Banjo\.gemini\antigravity\scratch\likkle-legends\node_modules\next\dist\compiled\next-server\app-page.runtime.prod.js:12:67539)
    at nD (C:\Users\Banjo\.gemini\antigravity\scratch\likkle-legends\node_modules\next\dist\compiled\next-server\app-page.runtime.prod.js:12:66681)
    at nL (C:\Users\Banjo\.gemini\antigravity\scratch\likkle-legends\node_modules\next\dist\compiled\next-server\app-page.runtime.prod.js:12:64854)

Error occurred prerendering page "/admin/analytics". Read more: https://nextjs.org/docs/messages/prerender-error

Œì√ú√°‚à©‚ïï√Ö  Supabase credentials missing or invalid. URL valid: false, Key valid: false. Using safe placeholder.
Œì√ú√°‚à©‚ïï√Ö  Supabase credentials missing or invalid. URL valid: false, Key valid: false. Using safe placeholder.
CMS Fetch Warning: TypeError: fetch failed
CMS Fetch Warning: TypeError: fetch failed
CMS Fetch Warning: TypeError: fetch failed
CMS Fetch Warning: TypeError: fetch failed
 Œì¬ø¬ª useSearchParams() should be wrapped in a suspense boundary at page "/admin/customers". Read more: https://nextjs.org/docs/messages/missing-suspense-with-csr-bailout
    at a (C:\Users\Banjo\.gemini\antigravity\scratch\likkle-legends\.next\server\chunks\1056.js:23:16852)
    at c (C:\Users\Banjo\.gemini\antigravity\scratch\likkle-legends\.next\server\chunks\1056.js:23:27835)
    at a (C:\Users\Banjo\.gemini\antigravity\scratch\likkle-legends\.next\server\chunks\2088.js:46:2317)
    at nj (C:\Users\Banjo\.gemini\antigravity\scratch\likkle-legends\node_modules\next\dist\compiled\next-server\app-page.runtime.prod.js:12:46252)
    at nM (C:\Users\Banjo\.gemini\antigravity\scratch\likkle-legends\node_modules\next\dist\compiled\next-server\app-page.runtime.prod.js:12:47572)
    at nM (C:\Users\Banjo\.gemini\antigravity\scratch\likkle-legends\node_modules\next\dist\compiled\next-server\app-page.runtime.prod.js:12:61547)
    at nL (C:\Users\Banjo\.gemini\antigravity\scratch\likkle-legends\node_modules\next\dist\compiled\next-server\app-page.runtime.prod.js:12:64547)
    at nB (C:\Users\Banjo\.gemini\antigravity\scratch\likkle-legends\node_modules\next\dist\compiled\next-server\app-page.runtime.prod.js:12:67539)
    at nD (C:\Users\Banjo\.gemini\antigravity\scratch\likkle-legends\node_modules\next\dist\compiled\next-server\app-page.runtime.prod.js:12:66681)
    at nL (C:\Users\Banjo\.gemini\antigravity\scratch\likkle-legends\node_modules\next\dist\compiled\next-server\app-page.runtime.prod.js:12:64854)

Error occurred prerendering page "/admin/customers". Read more: https://nextjs.org/docs/messages/prerender-error

Œì√ú√°‚à©‚ïï√Ö  Supabase credentials missing or invalid. URL valid: false, Key valid: false. Using safe placeholder.
Œì√ú√°‚à©‚ïï√Ö  Supabase credentials missing or invalid. URL valid: false, Key valid: false. Using safe placeholder.
CMS Fetch Warning: TypeError: fetch failed
CMS Fetch Warning: TypeError: fetch failed
 Œì¬ø¬ª useSearchParams() should be wrapped in a suspense boundary at page "/admin/content/printables". Read more: https://nextjs.org/docs/messages/missing-suspense-with-csr-bailout
    at a (C:\Users\Banjo\.gemini\antigravity\scratch\likkle-legends\.next\server\chunks\1056.js:23:16852)
    at c (C:\Users\Banjo\.gemini\antigravity\scratch\likkle-legends\.next\server\chunks\1056.js:23:27835)
    at a (C:\Users\Banjo\.gemini\antigravity\scratch\likkle-legends\.next\server\chunks\2088.js:46:2317)
    at nj (C:\Users\Banjo\.gemini\antigravity\scratch\likkle-legends\node_modules\next\dist\compiled\next-server\app-page.runtime.prod.js:12:46252)
    at nM (C:\Users\Banjo\.gemini\antigravity\scratch\likkle-legends\node_modules\next\dist\compiled\next-server\app-page.runtime.prod.js:12:47572)
    at nM (C:\Users\Banjo\.gemini\antigravity\scratch\likkle-legends\node_modules\next\dist\compiled\next-server\app-page.runtime.prod.js:12:61547)
    at nL (C:\Users\Banjo\.gemini\antigravity\scratch\likkle-legends\node_modules\next\dist\compiled\next-server\app-page.runtime.prod.js:12:64547)
    at nB (C:\Users\Banjo\.gemini\antigravity\scratch\likkle-legends\node_modules\next\dist\compiled\next-server\app-page.runtime.prod.js:12:67539)
    at nD (C:\Users\Banjo\.gemini\antigravity\scratch\likkle-legends\node_modules\next\dist\compiled\next-server\app-page.runtime.prod.js:12:66681)
    at nL (C:\Users\Banjo\.gemini\antigravity\scratch\likkle-legends\node_modules\next\dist\compiled\next-server\app-page.runtime.prod.js:12:64854)

Error occurred prerendering page "/admin/content/printables". Read more: https://nextjs.org/docs/messages/prerender-error

CMS Fetch Warning: TypeError: fetch failed
CMS Fetch Warning: TypeError: fetch failed
 Œì¬ø¬ª useSearchParams() should be wrapped in a suspense boundary at page "/admin/affiliates". Read more: https://nextjs.org/docs/messages/missing-suspense-with-csr-bailout
    at a (C:\Users\Banjo\.gemini\antigravity\scratch\likkle-legends\.next\server\chunks\1056.js:23:16852)
    at c (C:\Users\Banjo\.gemini\antigravity\scratch\likkle-legends\.next\server\chunks\1056.js:23:27835)
    at a (C:\Users\Banjo\.gemini\antigravity\scratch\likkle-legends\.next\server\chunks\2088.js:46:2317)
    at nj (C:\Users\Banjo\.gemini\antigravity\scratch\likkle-legends\node_modules\next\dist\compiled\next-server\app-page.runtime.prod.js:12:46252)
    at nM (C:\Users\Banjo\.gemini\antigravity\scratch\likkle-legends\node_modules\next\dist\compiled\next-server\app-page.runtime.prod.js:12:47572)
    at nM (C:\Users\Banjo\.gemini\antigravity\scratch\likkle-legends\node_modules\next\dist\compiled\next-server\app-page.runtime.prod.js:12:61547)
    at nL (C:\Users\Banjo\.gemini\antigravity\scratch\likkle-legends\node_modules\next\dist\compiled\next-server\app-page.runtime.prod.js:12:64547)
    at nB (C:\Users\Banjo\.gemini\antigravity\scratch\likkle-legends\node_modules\next\dist\compiled\next-server\app-page.runtime.prod.js:12:67539)
    at nD (C:\Users\Banjo\.gemini\antigravity\scratch\likkle-legends\node_modules\next\dist\compiled\next-server\app-page.runtime.prod.js:12:66681)
    at nL (C:\Users\Banjo\.gemini\antigravity\scratch\likkle-legends\node_modules\next\dist\compiled\next-server\app-page.runtime.prod.js:12:64854)

Error occurred prerendering page "/admin/affiliates". Read more: https://nextjs.org/docs/messages/prerender-error

CMS Fetch Warning: TypeError: fetch failed
CMS Fetch Warning: TypeError: fetch failed
 Œì¬ø¬ª useSearchParams() should be wrapped in a suspense boundary at page "/admin/custom-requests". Read more: https://nextjs.org/docs/messages/missing-suspense-with-csr-bailout
    at a (C:\Users\Banjo\.gemini\antigravity\scratch\likkle-legends\.next\server\chunks\1056.js:23:16852)
    at c (C:\Users\Banjo\.gemini\antigravity\scratch\likkle-legends\.next\server\chunks\1056.js:23:27835)
    at a (C:\Users\Banjo\.gemini\antigravity\scratch\likkle-legends\.next\server\chunks\2088.js:46:2317)
    at nj (C:\Users\Banjo\.gemini\antigravity\scratch\likkle-legends\node_modules\next\dist\compiled\next-server\app-page.runtime.prod.js:12:46252)
    at nM (C:\Users\Banjo\.gemini\antigravity\scratch\likkle-legends\node_modules\next\dist\compiled\next-server\app-page.runtime.prod.js:12:47572)
    at nM (C:\Users\Banjo\.gemini\antigravity\scratch\likkle-legends\node_modules\next\dist\compiled\next-server\app-page.runtime.prod.js:12:61547)
    at nL (C:\Users\Banjo\.gemini\antigravity\scratch\likkle-legends\node_modules\next\dist\compiled\next-server\app-page.runtime.prod.js:12:64547)
    at nB (C:\Users\Banjo\.gemini\antigravity\scratch\likkle-legends\node_modules\next\dist\compiled\next-server\app-page.runtime.prod.js:12:67539)
    at nD (C:\Users\Banjo\.gemini\antigravity\scratch\likkle-legends\node_modules\next\dist\compiled\next-server\app-page.runtime.prod.js:12:66681)
    at nL (C:\Users\Banjo\.gemini\antigravity\scratch\likkle-legends\node_modules\next\dist\compiled\next-server\app-page.runtime.prod.js:12:64854)

Error occurred prerendering page "/admin/custom-requests". Read more: https://nextjs.org/docs/messages/prerender-error

CMS Fetch Warning: TypeError: fetch failed
CMS Fetch Warning: TypeError: fetch failed
 Œì¬ø¬ª useSearchParams() should be wrapped in a suspense boundary at page "/admin/contests". Read more: https://nextjs.org/docs/messages/missing-suspense-with-csr-bailout
    at a (C:\Users\Banjo\.gemini\antigravity\scratch\likkle-legends\.next\server\chunks\1056.js:23:16852)
    at c (C:\Users\Banjo\.gemini\antigravity\scratch\likkle-legends\.next\server\chunks\1056.js:23:27835)
    at a (C:\Users\Banjo\.gemini\antigravity\scratch\likkle-legends\.next\server\chunks\2088.js:46:2317)
    at nj (C:\Users\Banjo\.gemini\antigravity\scratch\likkle-legends\node_modules\next\dist\compiled\next-server\app-page.runtime.prod.js:12:46252)
    at nM (C:\Users\Banjo\.gemini\antigravity\scratch\likkle-legends\node_modules\next\dist\compiled\next-server\app-page.runtime.prod.js:12:47572)
    at nM (C:\Users\Banjo\.gemini\antigravity\scratch\likkle-legends\node_modules\next\dist\compiled\next-server\app-page.runtime.prod.js:12:61547)
    at nL (C:\Users\Banjo\.gemini\antigravity\scratch\likkle-legends\node_modules\next\dist\compiled\next-server\app-page.runtime.prod.js:12:64547)
    at nB (C:\Users\Banjo\.gemini\antigravity\scratch\likkle-legends\node_modules\next\dist\compiled\next-server\app-page.runtime.prod.js:12:67539)
    at nD (C:\Users\Banjo\.gemini\antigravity\scratch\likkle-legends\node_modules\next\dist\compiled\next-server\app-page.runtime.prod.js:12:66681)
    at nL (C:\Users\Banjo\.gemini\antigravity\scratch\likkle-legends\node_modules\next\dist\compiled\next-server\app-page.runtime.prod.js:12:64854)

Error occurred prerendering page "/admin/contests". Read more: https://nextjs.org/docs/messages/prerender-error

CMS Fetch Warning: TypeError: fetch failed
CMS Fetch Warning: TypeError: fetch failed
 Œì¬ø¬ª useSearchParams() should be wrapped in a suspense boundary at page "/admin/debug-ai". Read more: https://nextjs.org/docs/messages/missing-suspense-with-csr-bailout
    at a (C:\Users\Banjo\.gemini\antigravity\scratch\likkle-legends\.next\server\chunks\1056.js:23:16852)
    at c (C:\Users\Banjo\.gemini\antigravity\scratch\likkle-legends\.next\server\chunks\1056.js:23:27835)
    at a (C:\Users\Banjo\.gemini\antigravity\scratch\likkle-legends\.next\server\chunks\2088.js:46:2317)
    at nj (C:\Users\Banjo\.gemini\antigravity\scratch\likkle-legends\node_modules\next\dist\compiled\next-server\app-page.runtime.prod.js:12:46252)
    at nM (C:\Users\Banjo\.gemini\antigravity\scratch\likkle-legends\node_modules\next\dist\compiled\next-server\app-page.runtime.prod.js:12:47572)
    at nM (C:\Users\Banjo\.gemini\antigravity\scratch\likkle-legends\node_modules\next\dist\compiled\next-server\app-page.runtime.prod.js:12:61547)
    at nL (C:\Users\Banjo\.gemini\antigravity\scratch\likkle-legends\node_modules\next\dist\compiled\next-server\app-page.runtime.prod.js:12:64547)
    at nB (C:\Users\Banjo\.gemini\antigravity\scratch\likkle-legends\node_modules\next\dist\compiled\next-server\app-page.runtime.prod.js:12:67539)
    at nD (C:\Users\Banjo\.gemini\antigravity\scratch\likkle-legends\node_modules\next\dist\compiled\next-server\app-page.runtime.prod.js:12:66681)
    at nL (C:\Users\Banjo\.gemini\antigravity\scratch\likkle-legends\node_modules\next\dist\compiled\next-server\app-page.runtime.prod.js:12:64854)

Error occurred prerendering page "/admin/debug-ai". Read more: https://nextjs.org/docs/messages/prerender-error

 Œì¬ø¬ª useSearchParams() should be wrapped in a suspense boundary at page "/admin/auto-content". Read more: https://nextjs.org/docs/messages/missing-suspense-with-csr-bailout
    at a (C:\Users\Banjo\.gemini\antigravity\scratch\likkle-legends\.next\server\chunks\1056.js:23:16852)
    at c (C:\Users\Banjo\.gemini\antigravity\scratch\likkle-legends\.next\server\chunks\1056.js:23:27835)
    at a (C:\Users\Banjo\.gemini\antigravity\scratch\likkle-legends\.next\server\chunks\2088.js:46:2317)
    at nj (C:\Users\Banjo\.gemini\antigravity\scratch\likkle-legends\node_modules\next\dist\compiled\next-server\app-page.runtime.prod.js:12:46252)
    at nM (C:\Users\Banjo\.gemini\antigravity\scratch\likkle-legends\node_modules\next\dist\compiled\next-server\app-page.runtime.prod.js:12:47572)
    at nM (C:\Users\Banjo\.gemini\antigravity\scratch\likkle-legends\node_modules\next\dist\compiled\next-server\app-page.runtime.prod.js:12:61547)
    at nL (C:\Users\Banjo\.gemini\antigravity\scratch\likkle-legends\node_modules\next\dist\compiled\next-server\app-page.runtime.prod.js:12:64547)
    at nB (C:\Users\Banjo\.gemini\antigravity\scratch\likkle-legends\node_modules\next\dist\compiled\next-server\app-page.runtime.prod.js:12:67539)
    at nD (C:\Users\Banjo\.gemini\antigravity\scratch\likkle-legends\node_modules\next\dist\compiled\next-server\app-page.runtime.prod.js:12:66681)
    at nL (C:\Users\Banjo\.gemini\antigravity\scratch\likkle-legends\node_modules\next\dist\compiled\next-server\app-page.runtime.prod.js:12:64854)

Error occurred prerendering page "/admin/auto-content". Read more: https://nextjs.org/docs/messages/prerender-error

CMS Fetch Warning: TypeError: fetch failed
CMS Fetch Warning: TypeError: fetch failed
 Œì¬ø¬ª useSearchParams() should be wrapped in a suspense boundary at page "/admin/orders". Read more: https://nextjs.org/docs/messages/missing-suspense-with-csr-bailout
    at a (C:\Users\Banjo\.gemini\antigravity\scratch\likkle-legends\.next\server\chunks\1056.js:23:16852)
    at c (C:\Users\Banjo\.gemini\antigravity\scratch\likkle-legends\.next\server\chunks\1056.js:23:27835)
    at a (C:\Users\Banjo\.gemini\antigravity\scratch\likkle-legends\.next\server\chunks\2088.js:46:2317)
    at nj (C:\Users\Banjo\.gemini\antigravity\scratch\likkle-legends\node_modules\next\dist\compiled\next-server\app-page.runtime.prod.js:12:46252)
    at nM (C:\Users\Banjo\.gemini\antigravity\scratch\likkle-legends\node_modules\next\dist\compiled\next-server\app-page.runtime.prod.js:12:47572)
    at nM (C:\Users\Banjo\.gemini\antigravity\scratch\likkle-legends\node_modules\next\dist\compiled\next-server\app-page.runtime.prod.js:12:61547)
    at nL (C:\Users\Banjo\.gemini\antigravity\scratch\likkle-legends\node_modules\next\dist\compiled\next-server\app-page.runtime.prod.js:12:64547)
    at nB (C:\Users\Banjo\.gemini\antigravity\scratch\likkle-legends\node_modules\next\dist\compiled\next-server\app-page.runtime.prod.js:12:67539)
    at nD (C:\Users\Banjo\.gemini\antigravity\scratch\likkle-legends\node_modules\next\dist\compiled\next-server\app-page.runtime.prod.js:12:66681)
    at nL (C:\Users\Banjo\.gemini\antigravity\scratch\likkle-legends\node_modules\next\dist\compiled\next-server\app-page.runtime.prod.js:12:64854)

Error occurred prerendering page "/admin/orders". Read more: https://nextjs.org/docs/messages/prerender-error

CMS Fetch Warning: TypeError: fetch failed
CMS Fetch Warning: TypeError: fetch failed
 Œì¬ø¬ª useSearchParams() should be wrapped in a suspense boundary at page "/admin/debug". Read more: https://nextjs.org/docs/messages/missing-suspense-with-csr-bailout
    at a (C:\Users\Banjo\.gemini\antigravity\scratch\likkle-legends\.next\server\chunks\1056.js:23:16852)
    at c (C:\Users\Banjo\.gemini\antigravity\scratch\likkle-legends\.next\server\chunks\1056.js:23:27835)
    at a (C:\Users\Banjo\.gemini\antigravity\scratch\likkle-legends\.next\server\chunks\2088.js:46:2317)
    at nj (C:\Users\Banjo\.gemini\antigravity\scratch\likkle-legends\node_modules\next\dist\compiled\next-server\app-page.runtime.prod.js:12:46252)
    at nM (C:\Users\Banjo\.gemini\antigravity\scratch\likkle-legends\node_modules\next\dist\compiled\next-server\app-page.runtime.prod.js:12:47572)
    at nM (C:\Users\Banjo\.gemini\antigravity\scratch\likkle-legends\node_modules\next\dist\compiled\next-server\app-page.runtime.prod.js:12:61547)
    at nL (C:\Users\Banjo\.gemini\antigravity\scratch\likkle-legends\node_modules\next\dist\compiled\next-server\app-page.runtime.prod.js:12:64547)
    at nB (C:\Users\Banjo\.gemini\antigravity\scratch\likkle-legends\node_modules\next\dist\compiled\next-server\app-page.runtime.prod.js:12:67539)
    at nD (C:\Users\Banjo\.gemini\antigravity\scratch\likkle-legends\node_modules\next\dist\compiled\next-server\app-page.runtime.prod.js:12:66681)
    at nL (C:\Users\Banjo\.gemini\antigravity\scratch\likkle-legends\node_modules\next\dist\compiled\next-server\app-page.runtime.prod.js:12:64854)

Error occurred prerendering page "/admin/debug". Read more: https://nextjs.org/docs/messages/prerender-error

CMS Fetch Warning: TypeError: fetch failed
CMS Fetch Warning: TypeError: fetch failed
 Œì¬ø¬ª useSearchParams() should be wrapped in a suspense boundary at page "/admin/games". Read more: https://nextjs.org/docs/messages/missing-suspense-with-csr-bailout
    at a (C:\Users\Banjo\.gemini\antigravity\scratch\likkle-legends\.next\server\chunks\1056.js:23:16852)
    at c (C:\Users\Banjo\.gemini\antigravity\scratch\likkle-legends\.next\server\chunks\1056.js:23:27835)
    at a (C:\Users\Banjo\.gemini\antigravity\scratch\likkle-legends\.next\server\chunks\2088.js:46:2317)
    at nj (C:\Users\Banjo\.gemini\antigravity\scratch\likkle-legends\node_modules\next\dist\compiled\next-server\app-page.runtime.prod.js:12:46252)
    at nM (C:\Users\Banjo\.gemini\antigravity\scratch\likkle-legends\node_modules\next\dist\compiled\next-server\app-page.runtime.prod.js:12:47572)
    at nM (C:\Users\Banjo\.gemini\antigravity\scratch\likkle-legends\node_modules\next\dist\compiled\next-server\app-page.runtime.prod.js:12:61547)
    at nL (C:\Users\Banjo\.gemini\antigravity\scratch\likkle-legends\node_modules\next\dist\compiled\next-server\app-page.runtime.prod.js:12:64547)
    at nB (C:\Users\Banjo\.gemini\antigravity\scratch\likkle-legends\node_modules\next\dist\compiled\next-server\app-page.runtime.prod.js:12:67539)
    at nD (C:\Users\Banjo\.gemini\antigravity\scratch\likkle-legends\node_modules\next\dist\compiled\next-server\app-page.runtime.prod.js:12:66681)
    at nL (C:\Users\Banjo\.gemini\antigravity\scratch\likkle-legends\node_modules\next\dist\compiled\next-server\app-page.runtime.prod.js:12:64854)

Error occurred prerendering page "/admin/games". Read more: https://nextjs.org/docs/messages/prerender-error

CMS Fetch Warning: TypeError: fetch failed
CMS Fetch Warning: TypeError: fetch failed
 Œì¬ø¬ª useSearchParams() should be wrapped in a suspense boundary at page "/admin/leads". Read more: https://nextjs.org/docs/messages/missing-suspense-with-csr-bailout
    at a (C:\Users\Banjo\.gemini\antigravity\scratch\likkle-legends\.next\server\chunks\1056.js:23:16852)
    at c (C:\Users\Banjo\.gemini\antigravity\scratch\likkle-legends\.next\server\chunks\1056.js:23:27835)
    at a (C:\Users\Banjo\.gemini\antigravity\scratch\likkle-legends\.next\server\chunks\2088.js:46:2317)
    at nj (C:\Users\Banjo\.gemini\antigravity\scratch\likkle-legends\node_modules\next\dist\compiled\next-server\app-page.runtime.prod.js:12:46252)
    at nM (C:\Users\Banjo\.gemini\antigravity\scratch\likkle-legends\node_modules\next\dist\compiled\next-server\app-page.runtime.prod.js:12:47572)
    at nM (C:\Users\Banjo\.gemini\antigravity\scratch\likkle-legends\node_modules\next\dist\compiled\next-server\app-page.runtime.prod.js:12:61547)
    at nL (C:\Users\Banjo\.gemini\antigravity\scratch\likkle-legends\node_modules\next\dist\compiled\next-server\app-page.runtime.prod.js:12:64547)
    at nB (C:\Users\Banjo\.gemini\antigravity\scratch\likkle-legends\node_modules\next\dist\compiled\next-server\app-page.runtime.prod.js:12:67539)
    at nD (C:\Users\Banjo\.gemini\antigravity\scratch\likkle-legends\node_modules\next\dist\compiled\next-server\app-page.runtime.prod.js:12:66681)
    at nL (C:\Users\Banjo\.gemini\antigravity\scratch\likkle-legends\node_modules\next\dist\compiled\next-server\app-page.runtime.prod.js:12:64854)

Error occurred prerendering page "/admin/leads". Read more: https://nextjs.org/docs/messages/prerender-error

CMS Fetch Warning: TypeError: fetch failed
CMS Fetch Warning: TypeError: fetch failed
 Œì¬ø¬ª useSearchParams() should be wrapped in a suspense boundary at page "/admin/messages". Read more: https://nextjs.org/docs/messages/missing-suspense-with-csr-bailout
    at a (C:\Users\Banjo\.gemini\antigravity\scratch\likkle-legends\.next\server\chunks\1056.js:23:16852)
    at c (C:\Users\Banjo\.gemini\antigravity\scratch\likkle-legends\.next\server\chunks\1056.js:23:27835)
    at a (C:\Users\Banjo\.gemini\antigravity\scratch\likkle-legends\.next\server\chunks\2088.js:46:2317)
    at nj (C:\Users\Banjo\.gemini\antigravity\scratch\likkle-legends\node_modules\next\dist\compiled\next-server\app-page.runtime.prod.js:12:46252)
    at nM (C:\Users\Banjo\.gemini\antigravity\scratch\likkle-legends\node_modules\next\dist\compiled\next-server\app-page.runtime.prod.js:12:47572)
    at nM (C:\Users\Banjo\.gemini\antigravity\scratch\likkle-legends\node_modules\next\dist\compiled\next-server\app-page.runtime.prod.js:12:61547)
    at nL (C:\Users\Banjo\.gemini\antigravity\scratch\likkle-legends\node_modules\next\dist\compiled\next-server\app-page.runtime.prod.js:12:64547)
    at nB (C:\Users\Banjo\.gemini\antigravity\scratch\likkle-legends\node_modules\next\dist\compiled\next-server\app-page.runtime.prod.js:12:67539)
    at nD (C:\Users\Banjo\.gemini\antigravity\scratch\likkle-legends\node_modules\next\dist\compiled\next-server\app-page.runtime.prod.js:12:66681)
    at nL (C:\Users\Banjo\.gemini\antigravity\scratch\likkle-legends\node_modules\next\dist\compiled\next-server\app-page.runtime.prod.js:12:64854)

Error occurred prerendering page "/admin/messages". Read more: https://nextjs.org/docs/messages/prerender-error

CMS Fetch Warning: TypeError: fetch failed
CMS Fetch Warning: TypeError: fetch failed
 Œì¬ø¬ª useSearchParams() should be wrapped in a suspense boundary at page "/admin/personality". Read more: https://nextjs.org/docs/messages/missing-suspense-with-csr-bailout
    at a (C:\Users\Banjo\.gemini\antigravity\scratch\likkle-legends\.next\server\chunks\1056.js:23:16852)
    at c (C:\Users\Banjo\.gemini\antigravity\scratch\likkle-legends\.next\server\chunks\1056.js:23:27835)
    at a (C:\Users\Banjo\.gemini\antigravity\scratch\likkle-legends\.next\server\chunks\2088.js:46:2317)
    at nj (C:\Users\Banjo\.gemini\antigravity\scratch\likkle-legends\node_modules\next\dist\compiled\next-server\app-page.runtime.prod.js:12:46252)
    at nM (C:\Users\Banjo\.gemini\antigravity\scratch\likkle-legends\node_modules\next\dist\compiled\next-server\app-page.runtime.prod.js:12:47572)
    at nM (C:\Users\Banjo\.gemini\antigravity\scratch\likkle-legends\node_modules\next\dist\compiled\next-server\app-page.runtime.prod.js:12:61547)
    at nL (C:\Users\Banjo\.gemini\antigravity\scratch\likkle-legends\node_modules\next\dist\compiled\next-server\app-page.runtime.prod.js:12:64547)
    at nB (C:\Users\Banjo\.gemini\antigravity\scratch\likkle-legends\node_modules\next\dist\compiled\next-server\app-page.runtime.prod.js:12:67539)
    at nD (C:\Users\Banjo\.gemini\antigravity\scratch\likkle-legends\node_modules\next\dist\compiled\next-server\app-page.runtime.prod.js:12:66681)
    at nL (C:\Users\Banjo\.gemini\antigravity\scratch\likkle-legends\node_modules\next\dist\compiled\next-server\app-page.runtime.prod.js:12:64854)

Error occurred prerendering page "/admin/personality". Read more: https://nextjs.org/docs/messages/prerender-error

CMS Fetch Warning: TypeError: fetch failed
CMS Fetch Warning: TypeError: fetch failed
 Œì¬ø¬ª useSearchParams() should be wrapped in a suspense boundary at page "/admin/pixels". Read more: https://nextjs.org/docs/messages/missing-suspense-with-csr-bailout
    at a (C:\Users\Banjo\.gemini\antigravity\scratch\likkle-legends\.next\server\chunks\1056.js:23:16852)
    at c (C:\Users\Banjo\.gemini\antigravity\scratch\likkle-legends\.next\server\chunks\1056.js:23:27835)
    at a (C:\Users\Banjo\.gemini\antigravity\scratch\likkle-legends\.next\server\chunks\2088.js:46:2317)
    at nj (C:\Users\Banjo\.gemini\antigravity\scratch\likkle-legends\node_modules\next\dist\compiled\next-server\app-page.runtime.prod.js:12:46252)
    at nM (C:\Users\Banjo\.gemini\antigravity\scratch\likkle-legends\node_modules\next\dist\compiled\next-server\app-page.runtime.prod.js:12:47572)
    at nM (C:\Users\Banjo\.gemini\antigravity\scratch\likkle-legends\node_modules\next\dist\compiled\next-server\app-page.runtime.prod.js:12:61547)
    at nL (C:\Users\Banjo\.gemini\antigravity\scratch\likkle-legends\node_modules\next\dist\compiled\next-server\app-page.runtime.prod.js:12:64547)
    at nB (C:\Users\Banjo\.gemini\antigravity\scratch\likkle-legends\node_modules\next\dist\compiled\next-server\app-page.runtime.prod.js:12:67539)
    at nD (C:\Users\Banjo\.gemini\antigravity\scratch\likkle-legends\node_modules\next\dist\compiled\next-server\app-page.runtime.prod.js:12:66681)
    at nL (C:\Users\Banjo\.gemini\antigravity\scratch\likkle-legends\node_modules\next\dist\compiled\next-server\app-page.runtime.prod.js:12:64854)

Error occurred prerendering page "/admin/pixels". Read more: https://nextjs.org/docs/messages/prerender-error

CMS Fetch Warning: TypeError: fetch failed
CMS Fetch Warning: TypeError: fetch failed
 Œì¬ø¬ª useSearchParams() should be wrapped in a suspense boundary at page "/admin". Read more: https://nextjs.org/docs/messages/missing-suspense-with-csr-bailout
    at a (C:\Users\Banjo\.gemini\antigravity\scratch\likkle-legends\.next\server\chunks\1056.js:23:16852)
    at c (C:\Users\Banjo\.gemini\antigravity\scratch\likkle-legends\.next\server\chunks\1056.js:23:27835)
    at a (C:\Users\Banjo\.gemini\antigravity\scratch\likkle-legends\.next\server\chunks\2088.js:46:2317)
    at nj (C:\Users\Banjo\.gemini\antigravity\scratch\likkle-legends\node_modules\next\dist\compiled\next-server\app-page.runtime.prod.js:12:46252)
    at nM (C:\Users\Banjo\.gemini\antigravity\scratch\likkle-legends\node_modules\next\dist\compiled\next-server\app-page.runtime.prod.js:12:47572)
    at nM (C:\Users\Banjo\.gemini\antigravity\scratch\likkle-legends\node_modules\next\dist\compiled\next-server\app-page.runtime.prod.js:12:61547)
    at nL (C:\Users\Banjo\.gemini\antigravity\scratch\likkle-legends\node_modules\next\dist\compiled\next-server\app-page.runtime.prod.js:12:64547)
    at nB (C:\Users\Banjo\.gemini\antigravity\scratch\likkle-legends\node_modules\next\dist\compiled\next-server\app-page.runtime.prod.js:12:67539)
    at nD (C:\Users\Banjo\.gemini\antigravity\scratch\likkle-legends\node_modules\next\dist\compiled\next-server\app-page.runtime.prod.js:12:66681)
    at nL (C:\Users\Banjo\.gemini\antigravity\scratch\likkle-legends\node_modules\next\dist\compiled\next-server\app-page.runtime.prod.js:12:64854)

Error occurred prerendering page "/admin". Read more: https://nextjs.org/docs/messages/prerender-error

CMS Fetch Warning: TypeError: fetch failed
CMS Fetch Warning: TypeError: fetch failed
 Œì¬ø¬ª useSearchParams() should be wrapped in a suspense boundary at page "/admin/settings". Read more: https://nextjs.org/docs/messages/missing-suspense-with-csr-bailout
    at a (C:\Users\Banjo\.gemini\antigravity\scratch\likkle-legends\.next\server\chunks\1056.js:23:16852)
    at c (C:\Users\Banjo\.gemini\antigravity\scratch\likkle-legends\.next\server\chunks\1056.js:23:27835)
    at a (C:\Users\Banjo\.gemini\antigravity\scratch\likkle-legends\.next\server\chunks\2088.js:46:2317)
    at nj (C:\Users\Banjo\.gemini\antigravity\scratch\likkle-legends\node_modules\next\dist\compiled\next-server\app-page.runtime.prod.js:12:46252)
    at nM (C:\Users\Banjo\.gemini\antigravity\scratch\likkle-legends\node_modules\next\dist\compiled\next-server\app-page.runtime.prod.js:12:47572)
    at nM (C:\Users\Banjo\.gemini\antigravity\scratch\likkle-legends\node_modules\next\dist\compiled\next-server\app-page.runtime.prod.js:12:61547)
    at nL (C:\Users\Banjo\.gemini\antigravity\scratch\likkle-legends\node_modules\next\dist\compiled\next-server\app-page.runtime.prod.js:12:64547)
    at nB (C:\Users\Banjo\.gemini\antigravity\scratch\likkle-legends\node_modules\next\dist\compiled\next-server\app-page.runtime.prod.js:12:67539)
    at nD (C:\Users\Banjo\.gemini\antigravity\scratch\likkle-legends\node_modules\next\dist\compiled\next-server\app-page.runtime.prod.js:12:66681)
    at nL (C:\Users\Banjo\.gemini\antigravity\scratch\likkle-legends\node_modules\next\dist\compiled\next-server\app-page.runtime.prod.js:12:64854)

Error occurred prerendering page "/admin/settings". Read more: https://nextjs.org/docs/messages/prerender-error

CMS Fetch Warning: TypeError: fetch failed
CMS Fetch Warning: TypeError: fetch failed
 Œì¬ø¬ª useSearchParams() should be wrapped in a suspense boundary at page "/admin/characters". Read more: https://nextjs.org/docs/messages/missing-suspense-with-csr-bailout
    at a (C:\Users\Banjo\.gemini\antigravity\scratch\likkle-legends\.next\server\chunks\1056.js:23:16852)
    at c (C:\Users\Banjo\.gemini\antigravity\scratch\likkle-legends\.next\server\chunks\1056.js:23:27835)
    at a (C:\Users\Banjo\.gemini\antigravity\scratch\likkle-legends\.next\server\chunks\2088.js:46:2317)
    at nj (C:\Users\Banjo\.gemini\antigravity\scratch\likkle-legends\node_modules\next\dist\compiled\next-server\app-page.runtime.prod.js:12:46252)
    at nM (C:\Users\Banjo\.gemini\antigravity\scratch\likkle-legends\node_modules\next\dist\compiled\next-server\app-page.runtime.prod.js:12:47572)
    at nM (C:\Users\Banjo\.gemini\antigravity\scratch\likkle-legends\node_modules\next\dist\compiled\next-server\app-page.runtime.prod.js:12:61547)
    at nL (C:\Users\Banjo\.gemini\antigravity\scratch\likkle-legends\node_modules\next\dist\compiled\next-server\app-page.runtime.prod.js:12:64547)
    at nB (C:\Users\Banjo\.gemini\antigravity\scratch\likkle-legends\node_modules\next\dist\compiled\next-server\app-page.runtime.prod.js:12:67539)
    at nD (C:\Users\Banjo\.gemini\antigravity\scratch\likkle-legends\node_modules\next\dist\compiled\next-server\app-page.runtime.prod.js:12:66681)
    at nL (C:\Users\Banjo\.gemini\antigravity\scratch\likkle-legends\node_modules\next\dist\compiled\next-server\app-page.runtime.prod.js:12:64854)

Error occurred prerendering page "/admin/characters". Read more: https://nextjs.org/docs/messages/prerender-error

CMS Fetch Warning: TypeError: fetch failed
CMS Fetch Warning: TypeError: fetch failed
 Œì¬ø¬ª useSearchParams() should be wrapped in a suspense boundary at page "/admin/ai-review". Read more: https://nextjs.org/docs/messages/missing-suspense-with-csr-bailout
    at a (C:\Users\Banjo\.gemini\antigravity\scratch\likkle-legends\.next\server\chunks\1056.js:23:16852)
    at c (C:\Users\Banjo\.gemini\antigravity\scratch\likkle-legends\.next\server\chunks\1056.js:23:27835)
    at a (C:\Users\Banjo\.gemini\antigravity\scratch\likkle-legends\.next\server\chunks\2088.js:46:2317)
    at nj (C:\Users\Banjo\.gemini\antigravity\scratch\likkle-legends\node_modules\next\dist\compiled\next-server\app-page.runtime.prod.js:12:46252)
    at nM (C:\Users\Banjo\.gemini\antigravity\scratch\likkle-legends\node_modules\next\dist\compiled\next-server\app-page.runtime.prod.js:12:47572)
    at nM (C:\Users\Banjo\.gemini\antigravity\scratch\likkle-legends\node_modules\next\dist\compiled\next-server\app-page.runtime.prod.js:12:61547)
    at nL (C:\Users\Banjo\.gemini\antigravity\scratch\likkle-legends\node_modules\next\dist\compiled\next-server\app-page.runtime.prod.js:12:64547)
    at nB (C:\Users\Banjo\.gemini\antigravity\scratch\likkle-legends\node_modules\next\dist\compiled\next-server\app-page.runtime.prod.js:12:67539)
    at nD (C:\Users\Banjo\.gemini\antigravity\scratch\likkle-legends\node_modules\next\dist\compiled\next-server\app-page.runtime.prod.js:12:66681)
    at nL (C:\Users\Banjo\.gemini\antigravity\scratch\likkle-legends\node_modules\next\dist\compiled\next-server\app-page.runtime.prod.js:12:64854)

Error occurred prerendering page "/admin/ai-review". Read more: https://nextjs.org/docs/messages/prerender-error

CMS Fetch Warning: TypeError: fetch failed
CMS Fetch Warning: TypeError: fetch failed
 Œì¬ø¬ª useSearchParams() should be wrapped in a suspense boundary at page "/admin/media". Read more: https://nextjs.org/docs/messages/missing-suspense-with-csr-bailout
    at a (C:\Users\Banjo\.gemini\antigravity\scratch\likkle-legends\.next\server\chunks\1056.js:23:16852)
    at c (C:\Users\Banjo\.gemini\antigravity\scratch\likkle-legends\.next\server\chunks\1056.js:23:27835)
    at a (C:\Users\Banjo\.gemini\antigravity\scratch\likkle-legends\.next\server\chunks\2088.js:46:2317)
    at nj (C:\Users\Banjo\.gemini\antigravity\scratch\likkle-legends\node_modules\next\dist\compiled\next-server\app-page.runtime.prod.js:12:46252)
    at nM (C:\Users\Banjo\.gemini\antigravity\scratch\likkle-legends\node_modules\next\dist\compiled\next-server\app-page.runtime.prod.js:12:47572)
    at nM (C:\Users\Banjo\.gemini\antigravity\scratch\likkle-legends\node_modules\next\dist\compiled\next-server\app-page.runtime.prod.js:12:61547)
    at nL (C:\Users\Banjo\.gemini\antigravity\scratch\likkle-legends\node_modules\next\dist\compiled\next-server\app-page.runtime.prod.js:12:64547)
    at nB (C:\Users\Banjo\.gemini\antigravity\scratch\likkle-legends\node_modules\next\dist\compiled\next-server\app-page.runtime.prod.js:12:67539)
    at nD (C:\Users\Banjo\.gemini\antigravity\scratch\likkle-legends\node_modules\next\dist\compiled\next-server\app-page.runtime.prod.js:12:66681)
    at nL (C:\Users\Banjo\.gemini\antigravity\scratch\likkle-legends\node_modules\next\dist\compiled\next-server\app-page.runtime.prod.js:12:64854)

Error occurred prerendering page "/admin/media". Read more: https://nextjs.org/docs/messages/prerender-error

CMS Fetch Warning: TypeError: fetch failed
CMS Fetch Warning: TypeError: fetch failed
 Œì¬ø¬ª useSearchParams() should be wrapped in a suspense boundary at page "/admin/verify". Read more: https://nextjs.org/docs/messages/missing-suspense-with-csr-bailout
    at a (C:\Users\Banjo\.gemini\antigravity\scratch\likkle-legends\.next\server\chunks\1056.js:23:16852)
    at c (C:\Users\Banjo\.gemini\antigravity\scratch\likkle-legends\.next\server\chunks\1056.js:23:27835)
    at a (C:\Users\Banjo\.gemini\antigravity\scratch\likkle-legends\.next\server\chunks\2088.js:46:2317)
    at nj (C:\Users\Banjo\.gemini\antigravity\scratch\likkle-legends\node_modules\next\dist\compiled\next-server\app-page.runtime.prod.js:12:46252)
    at nM (C:\Users\Banjo\.gemini\antigravity\scratch\likkle-legends\node_modules\next\dist\compiled\next-server\app-page.runtime.prod.js:12:47572)
    at nM (C:\Users\Banjo\.gemini\antigravity\scratch\likkle-legends\node_modules\next\dist\compiled\next-server\app-page.runtime.prod.js:12:61547)
    at nL (C:\Users\Banjo\.gemini\antigravity\scratch\likkle-legends\node_modules\next\dist\compiled\next-server\app-page.runtime.prod.js:12:64547)
    at nB (C:\Users\Banjo\.gemini\antigravity\scratch\likkle-legends\node_modules\next\dist\compiled\next-server\app-page.runtime.prod.js:12:67539)
    at nD (C:\Users\Banjo\.gemini\antigravity\scratch\likkle-legends\node_modules\next\dist\compiled\next-server\app-page.runtime.prod.js:12:66681)
    at nL (C:\Users\Banjo\.gemini\antigravity\scratch\likkle-legends\node_modules\next\dist\compiled\next-server\app-page.runtime.prod.js:12:64854)

Error occurred prerendering page "/admin/verify". Read more: https://nextjs.org/docs/messages/prerender-error

CMS Fetch Warning: TypeError: fetch failed
CMS Fetch Warning: TypeError: fetch failed
 Œì¬ø¬ª useSearchParams() should be wrapped in a suspense boundary at page "/admin/promoters". Read more: https://nextjs.org/docs/messages/missing-suspense-with-csr-bailout
    at a (C:\Users\Banjo\.gemini\antigravity\scratch\likkle-legends\.next\server\chunks\1056.js:23:16852)
    at c (C:\Users\Banjo\.gemini\antigravity\scratch\likkle-legends\.next\server\chunks\1056.js:23:27835)
    at a (C:\Users\Banjo\.gemini\antigravity\scratch\likkle-legends\.next\server\chunks\2088.js:46:2317)
    at nj (C:\Users\Banjo\.gemini\antigravity\scratch\likkle-legends\node_modules\next\dist\compiled\next-server\app-page.runtime.prod.js:12:46252)
    at nM (C:\Users\Banjo\.gemini\antigravity\scratch\likkle-legends\node_modules\next\dist\compiled\next-server\app-page.runtime.prod.js:12:47572)
    at nM (C:\Users\Banjo\.gemini\antigravity\scratch\likkle-legends\node_modules\next\dist\compiled\next-server\app-page.runtime.prod.js:12:61547)
    at nL (C:\Users\Banjo\.gemini\antigravity\scratch\likkle-legends\node_modules\next\dist\compiled\next-server\app-page.runtime.prod.js:12:64547)
    at nB (C:\Users\Banjo\.gemini\antigravity\scratch\likkle-legends\node_modules\next\dist\compiled\next-server\app-page.runtime.prod.js:12:67539)
    at nD (C:\Users\Banjo\.gemini\antigravity\scratch\likkle-legends\node_modules\next\dist\compiled\next-server\app-page.runtime.prod.js:12:66681)
    at nL (C:\Users\Banjo\.gemini\antigravity\scratch\likkle-legends\node_modules\next\dist\compiled\next-server\app-page.runtime.prod.js:12:64854)

Error occurred prerendering page "/admin/promoters". Read more: https://nextjs.org/docs/messages/prerender-error

CMS Fetch Warning: TypeError: fetch failed
CMS Fetch Warning: TypeError: fetch failed
 Œì¬ø¬ª useSearchParams() should be wrapped in a suspense boundary at page "/blog". Read more: https://nextjs.org/docs/messages/missing-suspense-with-csr-bailout
    at a (C:\Users\Banjo\.gemini\antigravity\scratch\likkle-legends\.next\server\chunks\1056.js:23:16852)
    at c (C:\Users\Banjo\.gemini\antigravity\scratch\likkle-legends\.next\server\chunks\1056.js:23:27835)
    at a (C:\Users\Banjo\.gemini\antigravity\scratch\likkle-legends\.next\server\chunks\2088.js:46:2317)
    at nj (C:\Users\Banjo\.gemini\antigravity\scratch\likkle-legends\node_modules\next\dist\compiled\next-server\app-page.runtime.prod.js:12:46252)
    at nM (C:\Users\Banjo\.gemini\antigravity\scratch\likkle-legends\node_modules\next\dist\compiled\next-server\app-page.runtime.prod.js:12:47572)
    at nM (C:\Users\Banjo\.gemini\antigravity\scratch\likkle-legends\node_modules\next\dist\compiled\next-server\app-page.runtime.prod.js:12:61547)
    at nL (C:\Users\Banjo\.gemini\antigravity\scratch\likkle-legends\node_modules\next\dist\compiled\next-server\app-page.runtime.prod.js:12:64547)
    at nB (C:\Users\Banjo\.gemini\antigravity\scratch\likkle-legends\node_modules\next\dist\compiled\next-server\app-page.runtime.prod.js:12:67539)
    at nD (C:\Users\Banjo\.gemini\antigravity\scratch\likkle-legends\node_modules\next\dist\compiled\next-server\app-page.runtime.prod.js:12:66681)
    at nL (C:\Users\Banjo\.gemini\antigravity\scratch\likkle-legends\node_modules\next\dist\compiled\next-server\app-page.runtime.prod.js:12:64854)

Error occurred prerendering page "/blog". Read more: https://nextjs.org/docs/messages/prerender-error

CMS Fetch Warning: TypeError: fetch failed
CMS Fetch Warning: TypeError: fetch failed
 Œì¬ø¬ª useSearchParams() should be wrapped in a suspense boundary at page "/analytics". Read more: https://nextjs.org/docs/messages/missing-suspense-with-csr-bailout
    at a (C:\Users\Banjo\.gemini\antigravity\scratch\likkle-legends\.next\server\chunks\1056.js:23:16852)
    at c (C:\Users\Banjo\.gemini\antigravity\scratch\likkle-legends\.next\server\chunks\1056.js:23:27835)
    at a (C:\Users\Banjo\.gemini\antigravity\scratch\likkle-legends\.next\server\chunks\2088.js:46:2317)
    at nj (C:\Users\Banjo\.gemini\antigravity\scratch\likkle-legends\node_modules\next\dist\compiled\next-server\app-page.runtime.prod.js:12:46252)
    at nM (C:\Users\Banjo\.gemini\antigravity\scratch\likkle-legends\node_modules\next\dist\compiled\next-server\app-page.runtime.prod.js:12:47572)
    at nM (C:\Users\Banjo\.gemini\antigravity\scratch\likkle-legends\node_modules\next\dist\compiled\next-server\app-page.runtime.prod.js:12:61547)
    at nL (C:\Users\Banjo\.gemini\antigravity\scratch\likkle-legends\node_modules\next\dist\compiled\next-server\app-page.runtime.prod.js:12:64547)
    at nB (C:\Users\Banjo\.gemini\antigravity\scratch\likkle-legends\node_modules\next\dist\compiled\next-server\app-page.runtime.prod.js:12:67539)
    at nD (C:\Users\Banjo\.gemini\antigravity\scratch\likkle-legends\node_modules\next\dist\compiled\next-server\app-page.runtime.prod.js:12:66681)
    at nL (C:\Users\Banjo\.gemini\antigravity\scratch\likkle-legends\node_modules\next\dist\compiled\next-server\app-page.runtime.prod.js:12:64854)

Error occurred prerendering page "/analytics". Read more: https://nextjs.org/docs/messages/prerender-error

CMS Fetch Warning: TypeError: fetch failed
CMS Fetch Warning: TypeError: fetch failed
 Œì¬ø¬ª useSearchParams() should be wrapped in a suspense boundary at page "/admin/central". Read more: https://nextjs.org/docs/messages/missing-suspense-with-csr-bailout
    at a (C:\Users\Banjo\.gemini\antigravity\scratch\likkle-legends\.next\server\chunks\1056.js:23:16852)
    at c (C:\Users\Banjo\.gemini\antigravity\scratch\likkle-legends\.next\server\chunks\1056.js:23:27835)
    at a (C:\Users\Banjo\.gemini\antigravity\scratch\likkle-legends\.next\server\chunks\2088.js:46:2317)
    at nj (C:\Users\Banjo\.gemini\antigravity\scratch\likkle-legends\node_modules\next\dist\compiled\next-server\app-page.runtime.prod.js:12:46252)
    at nM (C:\Users\Banjo\.gemini\antigravity\scratch\likkle-legends\node_modules\next\dist\compiled\next-server\app-page.runtime.prod.js:12:47572)
    at nM (C:\Users\Banjo\.gemini\antigravity\scratch\likkle-legends\node_modules\next\dist\compiled\next-server\app-page.runtime.prod.js:12:61547)
    at nL (C:\Users\Banjo\.gemini\antigravity\scratch\likkle-legends\node_modules\next\dist\compiled\next-server\app-page.runtime.prod.js:12:64547)
    at nB (C:\Users\Banjo\.gemini\antigravity\scratch\likkle-legends\node_modules\next\dist\compiled\next-server\app-page.runtime.prod.js:12:67539)
    at nD (C:\Users\Banjo\.gemini\antigravity\scratch\likkle-legends\node_modules\next\dist\compiled\next-server\app-page.runtime.prod.js:12:66681)
    at nL (C:\Users\Banjo\.gemini\antigravity\scratch\likkle-legends\node_modules\next\dist\compiled\next-server\app-page.runtime.prod.js:12:64854)

Error occurred prerendering page "/admin/central". Read more: https://nextjs.org/docs/messages/prerender-error

   Generating static pages (60/120) 
CMS Fetch Warning: TypeError: fetch failed
CMS Fetch Warning: TypeError: fetch failed
 Œì¬ø¬ª useSearchParams() should be wrapped in a suspense boundary at page "/admin/email-engine". Read more: https://nextjs.org/docs/messages/missing-suspense-with-csr-bailout
    at a (C:\Users\Banjo\.gemini\antigravity\scratch\likkle-legends\.next\server\chunks\1056.js:23:16852)
    at c (C:\Users\Banjo\.gemini\antigravity\scratch\likkle-legends\.next\server\chunks\1056.js:23:27835)
    at a (C:\Users\Banjo\.gemini\antigravity\scratch\likkle-legends\.next\server\chunks\2088.js:46:2317)
    at nj (C:\Users\Banjo\.gemini\antigravity\scratch\likkle-legends\node_modules\next\dist\compiled\next-server\app-page.runtime.prod.js:12:46252)
    at nM (C:\Users\Banjo\.gemini\antigravity\scratch\likkle-legends\node_modules\next\dist\compiled\next-server\app-page.runtime.prod.js:12:47572)
    at nM (C:\Users\Banjo\.gemini\antigravity\scratch\likkle-legends\node_modules\next\dist\compiled\next-server\app-page.runtime.prod.js:12:61547)
    at nL (C:\Users\Banjo\.gemini\antigravity\scratch\likkle-legends\node_modules\next\dist\compiled\next-server\app-page.runtime.prod.js:12:64547)
    at nB (C:\Users\Banjo\.gemini\antigravity\scratch\likkle-legends\node_modules\next\dist\compiled\next-server\app-page.runtime.prod.js:12:67539)
    at nD (C:\Users\Banjo\.gemini\antigravity\scratch\likkle-legends\node_modules\next\dist\compiled\next-server\app-page.runtime.prod.js:12:66681)
    at nL (C:\Users\Banjo\.gemini\antigravity\scratch\likkle-legends\node_modules\next\dist\compiled\next-server\app-page.runtime.prod.js:12:64854)

Error occurred prerendering page "/admin/email-engine". Read more: https://nextjs.org/docs/messages/prerender-error

CMS Fetch Warning: TypeError: fetch failed
CMS Fetch Warning: TypeError: fetch failed
 Œì¬ø¬ª useSearchParams() should be wrapped in a suspense boundary at page "/dashboard". Read more: https://nextjs.org/docs/messages/missing-suspense-with-csr-bailout
    at a (C:\Users\Banjo\.gemini\antigravity\scratch\likkle-legends\.next\server\chunks\1056.js:23:16852)
    at c (C:\Users\Banjo\.gemini\antigravity\scratch\likkle-legends\.next\server\chunks\1056.js:23:27835)
    at a (C:\Users\Banjo\.gemini\antigravity\scratch\likkle-legends\.next\server\chunks\2088.js:46:2317)
    at nj (C:\Users\Banjo\.gemini\antigravity\scratch\likkle-legends\node_modules\next\dist\compiled\next-server\app-page.runtime.prod.js:12:46252)
    at nM (C:\Users\Banjo\.gemini\antigravity\scratch\likkle-legends\node_modules\next\dist\compiled\next-server\app-page.runtime.prod.js:12:47572)
    at nM (C:\Users\Banjo\.gemini\antigravity\scratch\likkle-legends\node_modules\next\dist\compiled\next-server\app-page.runtime.prod.js:12:61547)
    at nL (C:\Users\Banjo\.gemini\antigravity\scratch\likkle-legends\node_modules\next\dist\compiled\next-server\app-page.runtime.prod.js:12:64547)
    at nB (C:\Users\Banjo\.gemini\antigravity\scratch\likkle-legends\node_modules\next\dist\compiled\next-server\app-page.runtime.prod.js:12:67539)
    at nD (C:\Users\Banjo\.gemini\antigravity\scratch\likkle-legends\node_modules\next\dist\compiled\next-server\app-page.runtime.prod.js:12:66681)
    at nL (C:\Users\Banjo\.gemini\antigravity\scratch\likkle-legends\node_modules\next\dist\compiled\next-server\app-page.runtime.prod.js:12:64854)

Error occurred prerendering page "/dashboard". Read more: https://nextjs.org/docs/messages/prerender-error

CMS Fetch Warning: TypeError: fetch failed
CMS Fetch Warning: TypeError: fetch failed
 Œì¬ø¬ª useSearchParams() should be wrapped in a suspense boundary at page "/checkout". Read more: https://nextjs.org/docs/messages/missing-suspense-with-csr-bailout
    at a (C:\Users\Banjo\.gemini\antigravity\scratch\likkle-legends\.next\server\chunks\1056.js:23:16852)
    at c (C:\Users\Banjo\.gemini\antigravity\scratch\likkle-legends\.next\server\chunks\1056.js:23:27835)
    at a (C:\Users\Banjo\.gemini\antigravity\scratch\likkle-legends\.next\server\chunks\2088.js:46:2317)
    at nj (C:\Users\Banjo\.gemini\antigravity\scratch\likkle-legends\node_modules\next\dist\compiled\next-server\app-page.runtime.prod.js:12:46252)
    at nM (C:\Users\Banjo\.gemini\antigravity\scratch\likkle-legends\node_modules\next\dist\compiled\next-server\app-page.runtime.prod.js:12:47572)
    at nM (C:\Users\Banjo\.gemini\antigravity\scratch\likkle-legends\node_modules\next\dist\compiled\next-server\app-page.runtime.prod.js:12:61547)
    at nL (C:\Users\Banjo\.gemini\antigravity\scratch\likkle-legends\node_modules\next\dist\compiled\next-server\app-page.runtime.prod.js:12:64547)
    at nB (C:\Users\Banjo\.gemini\antigravity\scratch\likkle-legends\node_modules\next\dist\compiled\next-server\app-page.runtime.prod.js:12:67539)
    at nD (C:\Users\Banjo\.gemini\antigravity\scratch\likkle-legends\node_modules\next\dist\compiled\next-server\app-page.runtime.prod.js:12:66681)
    at nL (C:\Users\Banjo\.gemini\antigravity\scratch\likkle-legends\node_modules\next\dist\compiled\next-server\app-page.runtime.prod.js:12:64854)

Error occurred prerendering page "/checkout". Read more: https://nextjs.org/docs/messages/prerender-error

CMS Fetch Warning: TypeError: fetch failed
CMS Fetch Warning: TypeError: fetch failed
 Œì¬ø¬ª useSearchParams() should be wrapped in a suspense boundary at page "/dashboard/admin/pixels". Read more: https://nextjs.org/docs/messages/missing-suspense-with-csr-bailout
    at a (C:\Users\Banjo\.gemini\antigravity\scratch\likkle-legends\.next\server\chunks\1056.js:23:16852)
    at c (C:\Users\Banjo\.gemini\antigravity\scratch\likkle-legends\.next\server\chunks\1056.js:23:27835)
    at a (C:\Users\Banjo\.gemini\antigravity\scratch\likkle-legends\.next\server\chunks\2088.js:46:2317)
    at nj (C:\Users\Banjo\.gemini\antigravity\scratch\likkle-legends\node_modules\next\dist\compiled\next-server\app-page.runtime.prod.js:12:46252)
    at nM (C:\Users\Banjo\.gemini\antigravity\scratch\likkle-legends\node_modules\next\dist\compiled\next-server\app-page.runtime.prod.js:12:47572)
    at nM (C:\Users\Banjo\.gemini\antigravity\scratch\likkle-legends\node_modules\next\dist\compiled\next-server\app-page.runtime.prod.js:12:61547)
    at nL (C:\Users\Banjo\.gemini\antigravity\scratch\likkle-legends\node_modules\next\dist\compiled\next-server\app-page.runtime.prod.js:12:64547)
    at nB (C:\Users\Banjo\.gemini\antigravity\scratch\likkle-legends\node_modules\next\dist\compiled\next-server\app-page.runtime.prod.js:12:67539)
    at nD (C:\Users\Banjo\.gemini\antigravity\scratch\likkle-legends\node_modules\next\dist\compiled\next-server\app-page.runtime.prod.js:12:66681)
    at nL (C:\Users\Banjo\.gemini\antigravity\scratch\likkle-legends\node_modules\next\dist\compiled\next-server\app-page.runtime.prod.js:12:64854)

Error occurred prerendering page "/dashboard/admin/pixels". Read more: https://nextjs.org/docs/messages/prerender-error

CMS Fetch Warning: TypeError: fetch failed
CMS Fetch Warning: TypeError: fetch failed
 Œì¬ø¬ª useSearchParams() should be wrapped in a suspense boundary at page "/admin/studio". Read more: https://nextjs.org/docs/messages/missing-suspense-with-csr-bailout
    at a (C:\Users\Banjo\.gemini\antigravity\scratch\likkle-legends\.next\server\chunks\1056.js:23:16852)
    at c (C:\Users\Banjo\.gemini\antigravity\scratch\likkle-legends\.next\server\chunks\1056.js:23:27835)
    at a (C:\Users\Banjo\.gemini\antigravity\scratch\likkle-legends\.next\server\chunks\2088.js:46:2317)
    at nj (C:\Users\Banjo\.gemini\antigravity\scratch\likkle-legends\node_modules\next\dist\compiled\next-server\app-page.runtime.prod.js:12:46252)
    at nM (C:\Users\Banjo\.gemini\antigravity\scratch\likkle-legends\node_modules\next\dist\compiled\next-server\app-page.runtime.prod.js:12:47572)
    at nM (C:\Users\Banjo\.gemini\antigravity\scratch\likkle-legends\node_modules\next\dist\compiled\next-server\app-page.runtime.prod.js:12:61547)
    at nL (C:\Users\Banjo\.gemini\antigravity\scratch\likkle-legends\node_modules\next\dist\compiled\next-server\app-page.runtime.prod.js:12:64547)
    at nB (C:\Users\Banjo\.gemini\antigravity\scratch\likkle-legends\node_modules\next\dist\compiled\next-server\app-page.runtime.prod.js:12:67539)
    at nD (C:\Users\Banjo\.gemini\antigravity\scratch\likkle-legends\node_modules\next\dist\compiled\next-server\app-page.runtime.prod.js:12:66681)
    at nL (C:\Users\Banjo\.gemini\antigravity\scratch\likkle-legends\node_modules\next\dist\compiled\next-server\app-page.runtime.prod.js:12:64854)

Error occurred prerendering page "/admin/studio". Read more: https://nextjs.org/docs/messages/prerender-error

CMS Fetch Warning: TypeError: fetch failed
CMS Fetch Warning: TypeError: fetch failed
 Œì¬ø¬ª useSearchParams() should be wrapped in a suspense boundary at page "/dashboard/stories". Read more: https://nextjs.org/docs/messages/missing-suspense-with-csr-bailout
    at a (C:\Users\Banjo\.gemini\antigravity\scratch\likkle-legends\.next\server\chunks\1056.js:23:16852)
    at c (C:\Users\Banjo\.gemini\antigravity\scratch\likkle-legends\.next\server\chunks\1056.js:23:27835)
    at a (C:\Users\Banjo\.gemini\antigravity\scratch\likkle-legends\.next\server\chunks\2088.js:46:2317)
    at nj (C:\Users\Banjo\.gemini\antigravity\scratch\likkle-legends\node_modules\next\dist\compiled\next-server\app-page.runtime.prod.js:12:46252)
    at nM (C:\Users\Banjo\.gemini\antigravity\scratch\likkle-legends\node_modules\next\dist\compiled\next-server\app-page.runtime.prod.js:12:47572)
    at nM (C:\Users\Banjo\.gemini\antigravity\scratch\likkle-legends\node_modules\next\dist\compiled\next-server\app-page.runtime.prod.js:12:61547)
    at nL (C:\Users\Banjo\.gemini\antigravity\scratch\likkle-legends\node_modules\next\dist\compiled\next-server\app-page.runtime.prod.js:12:64547)
    at nB (C:\Users\Banjo\.gemini\antigravity\scratch\likkle-legends\node_modules\next\dist\compiled\next-server\app-page.runtime.prod.js:12:67539)
    at nD (C:\Users\Banjo\.gemini\antigravity\scratch\likkle-legends\node_modules\next\dist\compiled\next-server\app-page.runtime.prod.js:12:66681)
    at nL (C:\Users\Banjo\.gemini\antigravity\scratch\likkle-legends\node_modules\next\dist\compiled\next-server\app-page.runtime.prod.js:12:64854)

Error occurred prerendering page "/dashboard/stories". Read more: https://nextjs.org/docs/messages/prerender-error

CMS Fetch Warning: TypeError: fetch failed
CMS Fetch Warning: TypeError: fetch failed
 Œì¬ø¬ª useSearchParams() should be wrapped in a suspense boundary at page "/admin/store-analytics". Read more: https://nextjs.org/docs/messages/missing-suspense-with-csr-bailout
    at a (C:\Users\Banjo\.gemini\antigravity\scratch\likkle-legends\.next\server\chunks\1056.js:23:16852)
    at c (C:\Users\Banjo\.gemini\antigravity\scratch\likkle-legends\.next\server\chunks\1056.js:23:27835)
    at a (C:\Users\Banjo\.gemini\antigravity\scratch\likkle-legends\.next\server\chunks\2088.js:46:2317)
    at nj (C:\Users\Banjo\.gemini\antigravity\scratch\likkle-legends\node_modules\next\dist\compiled\next-server\app-page.runtime.prod.js:12:46252)
    at nM (C:\Users\Banjo\.gemini\antigravity\scratch\likkle-legends\node_modules\next\dist\compiled\next-server\app-page.runtime.prod.js:12:47572)
    at nM (C:\Users\Banjo\.gemini\antigravity\scratch\likkle-legends\node_modules\next\dist\compiled\next-server\app-page.runtime.prod.js:12:61547)
    at nL (C:\Users\Banjo\.gemini\antigravity\scratch\likkle-legends\node_modules\next\dist\compiled\next-server\app-page.runtime.prod.js:12:64547)
    at nB (C:\Users\Banjo\.gemini\antigravity\scratch\likkle-legends\node_modules\next\dist\compiled\next-server\app-page.runtime.prod.js:12:67539)
    at nD (C:\Users\Banjo\.gemini\antigravity\scratch\likkle-legends\node_modules\next\dist\compiled\next-server\app-page.runtime.prod.js:12:66681)
    at nL (C:\Users\Banjo\.gemini\antigravity\scratch\likkle-legends\node_modules\next\dist\compiled\next-server\app-page.runtime.prod.js:12:64854)

Error occurred prerendering page "/admin/store-analytics". Read more: https://nextjs.org/docs/messages/prerender-error

CMS Fetch Warning: TypeError: fetch failed
CMS Fetch Warning: TypeError: fetch failed
 Œì¬ø¬ª useSearchParams() should be wrapped in a suspense boundary at page "/get-started". Read more: https://nextjs.org/docs/messages/missing-suspense-with-csr-bailout
    at a (C:\Users\Banjo\.gemini\antigravity\scratch\likkle-legends\.next\server\chunks\1056.js:23:16852)
    at c (C:\Users\Banjo\.gemini\antigravity\scratch\likkle-legends\.next\server\chunks\1056.js:23:27835)
    at a (C:\Users\Banjo\.gemini\antigravity\scratch\likkle-legends\.next\server\chunks\2088.js:46:2317)
    at nj (C:\Users\Banjo\.gemini\antigravity\scratch\likkle-legends\node_modules\next\dist\compiled\next-server\app-page.runtime.prod.js:12:46252)
    at nM (C:\Users\Banjo\.gemini\antigravity\scratch\likkle-legends\node_modules\next\dist\compiled\next-server\app-page.runtime.prod.js:12:47572)
    at nM (C:\Users\Banjo\.gemini\antigravity\scratch\likkle-legends\node_modules\next\dist\compiled\next-server\app-page.runtime.prod.js:12:61547)
    at nL (C:\Users\Banjo\.gemini\antigravity\scratch\likkle-legends\node_modules\next\dist\compiled\next-server\app-page.runtime.prod.js:12:64547)
    at nB (C:\Users\Banjo\.gemini\antigravity\scratch\likkle-legends\node_modules\next\dist\compiled\next-server\app-page.runtime.prod.js:12:67539)
    at nD (C:\Users\Banjo\.gemini\antigravity\scratch\likkle-legends\node_modules\next\dist\compiled\next-server\app-page.runtime.prod.js:12:66681)
    at nL (C:\Users\Banjo\.gemini\antigravity\scratch\likkle-legends\node_modules\next\dist\compiled\next-server\app-page.runtime.prod.js:12:64854)

Error occurred prerendering page "/get-started". Read more: https://nextjs.org/docs/messages/prerender-error

CMS Fetch Warning: TypeError: fetch failed
CMS Fetch Warning: TypeError: fetch failed
 Œì¬ø¬ª useSearchParams() should be wrapped in a suspense boundary at page "/grandparent/access". Read more: https://nextjs.org/docs/messages/missing-suspense-with-csr-bailout
    at a (C:\Users\Banjo\.gemini\antigravity\scratch\likkle-legends\.next\server\chunks\1056.js:23:16852)
    at c (C:\Users\Banjo\.gemini\antigravity\scratch\likkle-legends\.next\server\chunks\1056.js:23:27835)
    at a (C:\Users\Banjo\.gemini\antigravity\scratch\likkle-legends\.next\server\chunks\2088.js:46:2317)
    at nj (C:\Users\Banjo\.gemini\antigravity\scratch\likkle-legends\node_modules\next\dist\compiled\next-server\app-page.runtime.prod.js:12:46252)
    at nM (C:\Users\Banjo\.gemini\antigravity\scratch\likkle-legends\node_modules\next\dist\compiled\next-server\app-page.runtime.prod.js:12:47572)
    at nM (C:\Users\Banjo\.gemini\antigravity\scratch\likkle-legends\node_modules\next\dist\compiled\next-server\app-page.runtime.prod.js:12:61547)
    at nL (C:\Users\Banjo\.gemini\antigravity\scratch\likkle-legends\node_modules\next\dist\compiled\next-server\app-page.runtime.prod.js:12:64547)
    at nB (C:\Users\Banjo\.gemini\antigravity\scratch\likkle-legends\node_modules\next\dist\compiled\next-server\app-page.runtime.prod.js:12:67539)
    at nD (C:\Users\Banjo\.gemini\antigravity\scratch\likkle-legends\node_modules\next\dist\compiled\next-server\app-page.runtime.prod.js:12:66681)
    at nL (C:\Users\Banjo\.gemini\antigravity\scratch\likkle-legends\node_modules\next\dist\compiled\next-server\app-page.runtime.prod.js:12:64854)

Error occurred prerendering page "/grandparent/access". Read more: https://nextjs.org/docs/messages/prerender-error

CMS Fetch Warning: TypeError: fetch failed
CMS Fetch Warning: TypeError: fetch failed
 Œì¬ø¬ª useSearchParams() should be wrapped in a suspense boundary at page "/educators". Read more: https://nextjs.org/docs/messages/missing-suspense-with-csr-bailout
    at a (C:\Users\Banjo\.gemini\antigravity\scratch\likkle-legends\.next\server\chunks\1056.js:23:16852)
    at c (C:\Users\Banjo\.gemini\antigravity\scratch\likkle-legends\.next\server\chunks\1056.js:23:27835)
    at a (C:\Users\Banjo\.gemini\antigravity\scratch\likkle-legends\.next\server\chunks\2088.js:46:2317)
    at nj (C:\Users\Banjo\.gemini\antigravity\scratch\likkle-legends\node_modules\next\dist\compiled\next-server\app-page.runtime.prod.js:12:46252)
    at nM (C:\Users\Banjo\.gemini\antigravity\scratch\likkle-legends\node_modules\next\dist\compiled\next-server\app-page.runtime.prod.js:12:47572)
    at nM (C:\Users\Banjo\.gemini\antigravity\scratch\likkle-legends\node_modules\next\dist\compiled\next-server\app-page.runtime.prod.js:12:61547)
    at nL (C:\Users\Banjo\.gemini\antigravity\scratch\likkle-legends\node_modules\next\dist\compiled\next-server\app-page.runtime.prod.js:12:64547)
    at nB (C:\Users\Banjo\.gemini\antigravity\scratch\likkle-legends\node_modules\next\dist\compiled\next-server\app-page.runtime.prod.js:12:67539)
    at nD (C:\Users\Banjo\.gemini\antigravity\scratch\likkle-legends\node_modules\next\dist\compiled\next-server\app-page.runtime.prod.js:12:66681)
    at nL (C:\Users\Banjo\.gemini\antigravity\scratch\likkle-legends\node_modules\next\dist\compiled\next-server\app-page.runtime.prod.js:12:64854)

Error occurred prerendering page "/educators". Read more: https://nextjs.org/docs/messages/prerender-error

CMS Fetch Warning: TypeError: fetch failed
CMS Fetch Warning: TypeError: fetch failed
 Œì¬ø¬ª useSearchParams() should be wrapped in a suspense boundary at page "/dashboard/printables". Read more: https://nextjs.org/docs/messages/missing-suspense-with-csr-bailout
    at a (C:\Users\Banjo\.gemini\antigravity\scratch\likkle-legends\.next\server\chunks\1056.js:23:16852)
    at c (C:\Users\Banjo\.gemini\antigravity\scratch\likkle-legends\.next\server\chunks\1056.js:23:27835)
    at a (C:\Users\Banjo\.gemini\antigravity\scratch\likkle-legends\.next\server\chunks\2088.js:46:2317)
    at nj (C:\Users\Banjo\.gemini\antigravity\scratch\likkle-legends\node_modules\next\dist\compiled\next-server\app-page.runtime.prod.js:12:46252)
    at nM (C:\Users\Banjo\.gemini\antigravity\scratch\likkle-legends\node_modules\next\dist\compiled\next-server\app-page.runtime.prod.js:12:47572)
    at nM (C:\Users\Banjo\.gemini\antigravity\scratch\likkle-legends\node_modules\next\dist\compiled\next-server\app-page.runtime.prod.js:12:61547)
    at nL (C:\Users\Banjo\.gemini\antigravity\scratch\likkle-legends\node_modules\next\dist\compiled\next-server\app-page.runtime.prod.js:12:64547)
    at nB (C:\Users\Banjo\.gemini\antigravity\scratch\likkle-legends\node_modules\next\dist\compiled\next-server\app-page.runtime.prod.js:12:67539)
    at nD (C:\Users\Banjo\.gemini\antigravity\scratch\likkle-legends\node_modules\next\dist\compiled\next-server\app-page.runtime.prod.js:12:66681)
    at nL (C:\Users\Banjo\.gemini\antigravity\scratch\likkle-legends\node_modules\next\dist\compiled\next-server\app-page.runtime.prod.js:12:64854)

Error occurred prerendering page "/dashboard/printables". Read more: https://nextjs.org/docs/messages/prerender-error

CMS Fetch Warning: TypeError: fetch failed
CMS Fetch Warning: TypeError: fetch failed
 Œì¬ø¬ª useSearchParams() should be wrapped in a suspense boundary at page "/dashboard/songs". Read more: https://nextjs.org/docs/messages/missing-suspense-with-csr-bailout
    at a (C:\Users\Banjo\.gemini\antigravity\scratch\likkle-legends\.next\server\chunks\1056.js:23:16852)
    at c (C:\Users\Banjo\.gemini\antigravity\scratch\likkle-legends\.next\server\chunks\1056.js:23:27835)
    at a (C:\Users\Banjo\.gemini\antigravity\scratch\likkle-legends\.next\server\chunks\2088.js:46:2317)
    at nj (C:\Users\Banjo\.gemini\antigravity\scratch\likkle-legends\node_modules\next\dist\compiled\next-server\app-page.runtime.prod.js:12:46252)
    at nM (C:\Users\Banjo\.gemini\antigravity\scratch\likkle-legends\node_modules\next\dist\compiled\next-server\app-page.runtime.prod.js:12:47572)
    at nM (C:\Users\Banjo\.gemini\antigravity\scratch\likkle-legends\node_modules\next\dist\compiled\next-server\app-page.runtime.prod.js:12:61547)
    at nL (C:\Users\Banjo\.gemini\antigravity\scratch\likkle-legends\node_modules\next\dist\compiled\next-server\app-page.runtime.prod.js:12:64547)
    at nB (C:\Users\Banjo\.gemini\antigravity\scratch\likkle-legends\node_modules\next\dist\compiled\next-server\app-page.runtime.prod.js:12:67539)
    at nD (C:\Users\Banjo\.gemini\antigravity\scratch\likkle-legends\node_modules\next\dist\compiled\next-server\app-page.runtime.prod.js:12:66681)
    at nL (C:\Users\Banjo\.gemini\antigravity\scratch\likkle-legends\node_modules\next\dist\compiled\next-server\app-page.runtime.prod.js:12:64854)

Error occurred prerendering page "/dashboard/songs". Read more: https://nextjs.org/docs/messages/prerender-error

CMS Fetch Warning: TypeError: fetch failed
CMS Fetch Warning: TypeError: fetch failed
 Œì¬ø¬ª useSearchParams() should be wrapped in a suspense boundary at page "/intro-checkout". Read more: https://nextjs.org/docs/messages/missing-suspense-with-csr-bailout
    at a (C:\Users\Banjo\.gemini\antigravity\scratch\likkle-legends\.next\server\chunks\1056.js:23:16852)
    at c (C:\Users\Banjo\.gemini\antigravity\scratch\likkle-legends\.next\server\chunks\1056.js:23:27835)
    at a (C:\Users\Banjo\.gemini\antigravity\scratch\likkle-legends\.next\server\chunks\2088.js:46:2317)
    at nj (C:\Users\Banjo\.gemini\antigravity\scratch\likkle-legends\node_modules\next\dist\compiled\next-server\app-page.runtime.prod.js:12:46252)
    at nM (C:\Users\Banjo\.gemini\antigravity\scratch\likkle-legends\node_modules\next\dist\compiled\next-server\app-page.runtime.prod.js:12:47572)
    at nM (C:\Users\Banjo\.gemini\antigravity\scratch\likkle-legends\node_modules\next\dist\compiled\next-server\app-page.runtime.prod.js:12:61547)
    at nL (C:\Users\Banjo\.gemini\antigravity\scratch\likkle-legends\node_modules\next\dist\compiled\next-server\app-page.runtime.prod.js:12:64547)
    at nB (C:\Users\Banjo\.gemini\antigravity\scratch\likkle-legends\node_modules\next\dist\compiled\next-server\app-page.runtime.prod.js:12:67539)
    at nD (C:\Users\Banjo\.gemini\antigravity\scratch\likkle-legends\node_modules\next\dist\compiled\next-server\app-page.runtime.prod.js:12:66681)
    at nL (C:\Users\Banjo\.gemini\antigravity\scratch\likkle-legends\node_modules\next\dist\compiled\next-server\app-page.runtime.prod.js:12:64854)

Error occurred prerendering page "/intro-checkout". Read more: https://nextjs.org/docs/messages/prerender-error

CMS Fetch Warning: TypeError: fetch failed
CMS Fetch Warning: TypeError: fetch failed
 Œì¬ø¬ª useSearchParams() should be wrapped in a suspense boundary at page "/messages". Read more: https://nextjs.org/docs/messages/missing-suspense-with-csr-bailout
    at a (C:\Users\Banjo\.gemini\antigravity\scratch\likkle-legends\.next\server\chunks\1056.js:23:16852)
    at c (C:\Users\Banjo\.gemini\antigravity\scratch\likkle-legends\.next\server\chunks\1056.js:23:27835)
    at a (C:\Users\Banjo\.gemini\antigravity\scratch\likkle-legends\.next\server\chunks\2088.js:46:2317)
    at nj (C:\Users\Banjo\.gemini\antigravity\scratch\likkle-legends\node_modules\next\dist\compiled\next-server\app-page.runtime.prod.js:12:46252)
    at nM (C:\Users\Banjo\.gemini\antigravity\scratch\likkle-legends\node_modules\next\dist\compiled\next-server\app-page.runtime.prod.js:12:47572)
    at nM (C:\Users\Banjo\.gemini\antigravity\scratch\likkle-legends\node_modules\next\dist\compiled\next-server\app-page.runtime.prod.js:12:61547)
    at nL (C:\Users\Banjo\.gemini\antigravity\scratch\likkle-legends\node_modules\next\dist\compiled\next-server\app-page.runtime.prod.js:12:64547)
    at nB (C:\Users\Banjo\.gemini\antigravity\scratch\likkle-legends\node_modules\next\dist\compiled\next-server\app-page.runtime.prod.js:12:67539)
    at nD (C:\Users\Banjo\.gemini\antigravity\scratch\likkle-legends\node_modules\next\dist\compiled\next-server\app-page.runtime.prod.js:12:66681)
    at nL (C:\Users\Banjo\.gemini\antigravity\scratch\likkle-legends\node_modules\next\dist\compiled\next-server\app-page.runtime.prod.js:12:64854)

Error occurred prerendering page "/messages". Read more: https://nextjs.org/docs/messages/prerender-error

CMS Fetch Warning: TypeError: fetch failed
CMS Fetch Warning: TypeError: fetch failed
 Œì¬ø¬ª useSearchParams() should be wrapped in a suspense boundary at page "/grandparent". Read more: https://nextjs.org/docs/messages/missing-suspense-with-csr-bailout
    at a (C:\Users\Banjo\.gemini\antigravity\scratch\likkle-legends\.next\server\chunks\1056.js:23:16852)
    at c (C:\Users\Banjo\.gemini\antigravity\scratch\likkle-legends\.next\server\chunks\1056.js:23:27835)
    at a (C:\Users\Banjo\.gemini\antigravity\scratch\likkle-legends\.next\server\chunks\2088.js:46:2317)
    at nj (C:\Users\Banjo\.gemini\antigravity\scratch\likkle-legends\node_modules\next\dist\compiled\next-server\app-page.runtime.prod.js:12:46252)
    at nM (C:\Users\Banjo\.gemini\antigravity\scratch\likkle-legends\node_modules\next\dist\compiled\next-server\app-page.runtime.prod.js:12:47572)
    at nM (C:\Users\Banjo\.gemini\antigravity\scratch\likkle-legends\node_modules\next\dist\compiled\next-server\app-page.runtime.prod.js:12:61547)
    at nL (C:\Users\Banjo\.gemini\antigravity\scratch\likkle-legends\node_modules\next\dist\compiled\next-server\app-page.runtime.prod.js:12:64547)
    at nB (C:\Users\Banjo\.gemini\antigravity\scratch\likkle-legends\node_modules\next\dist\compiled\next-server\app-page.runtime.prod.js:12:67539)
    at nD (C:\Users\Banjo\.gemini\antigravity\scratch\likkle-legends\node_modules\next\dist\compiled\next-server\app-page.runtime.prod.js:12:66681)
    at nL (C:\Users\Banjo\.gemini\antigravity\scratch\likkle-legends\node_modules\next\dist\compiled\next-server\app-page.runtime.prod.js:12:64854)

Error occurred prerendering page "/grandparent". Read more: https://nextjs.org/docs/messages/prerender-error

CMS Fetch Warning: TypeError: fetch failed
CMS Fetch Warning: TypeError: fetch failed
 Œì¬ø¬ª useSearchParams() should be wrapped in a suspense boundary at page "/forgot-password". Read more: https://nextjs.org/docs/messages/missing-suspense-with-csr-bailout
    at a (C:\Users\Banjo\.gemini\antigravity\scratch\likkle-legends\.next\server\chunks\1056.js:23:16852)
    at c (C:\Users\Banjo\.gemini\antigravity\scratch\likkle-legends\.next\server\chunks\1056.js:23:27835)
    at a (C:\Users\Banjo\.gemini\antigravity\scratch\likkle-legends\.next\server\chunks\2088.js:46:2317)
    at nj (C:\Users\Banjo\.gemini\antigravity\scratch\likkle-legends\node_modules\next\dist\compiled\next-server\app-page.runtime.prod.js:12:46252)
    at nM (C:\Users\Banjo\.gemini\antigravity\scratch\likkle-legends\node_modules\next\dist\compiled\next-server\app-page.runtime.prod.js:12:47572)
    at nM (C:\Users\Banjo\.gemini\antigravity\scratch\likkle-legends\node_modules\next\dist\compiled\next-server\app-page.runtime.prod.js:12:61547)
    at nL (C:\Users\Banjo\.gemini\antigravity\scratch\likkle-legends\node_modules\next\dist\compiled\next-server\app-page.runtime.prod.js:12:64547)
    at nB (C:\Users\Banjo\.gemini\antigravity\scratch\likkle-legends\node_modules\next\dist\compiled\next-server\app-page.runtime.prod.js:12:67539)
    at nD (C:\Users\Banjo\.gemini\antigravity\scratch\likkle-legends\node_modules\next\dist\compiled\next-server\app-page.runtime.prod.js:12:66681)
    at nL (C:\Users\Banjo\.gemini\antigravity\scratch\likkle-legends\node_modules\next\dist\compiled\next-server\app-page.runtime.prod.js:12:64854)

Error occurred prerendering page "/forgot-password". Read more: https://nextjs.org/docs/messages/prerender-error

CMS Fetch Warning: TypeError: fetch failed
CMS Fetch Warning: TypeError: fetch failed
 Œì¬ø¬ª useSearchParams() should be wrapped in a suspense boundary at page "/onboarding/welcome". Read more: https://nextjs.org/docs/messages/missing-suspense-with-csr-bailout
    at a (C:\Users\Banjo\.gemini\antigravity\scratch\likkle-legends\.next\server\chunks\1056.js:23:16852)
    at c (C:\Users\Banjo\.gemini\antigravity\scratch\likkle-legends\.next\server\chunks\1056.js:23:27835)
    at a (C:\Users\Banjo\.gemini\antigravity\scratch\likkle-legends\.next\server\chunks\2088.js:46:2317)
    at nj (C:\Users\Banjo\.gemini\antigravity\scratch\likkle-legends\node_modules\next\dist\compiled\next-server\app-page.runtime.prod.js:12:46252)
    at nM (C:\Users\Banjo\.gemini\antigravity\scratch\likkle-legends\node_modules\next\dist\compiled\next-server\app-page.runtime.prod.js:12:47572)
    at nM (C:\Users\Banjo\.gemini\antigravity\scratch\likkle-legends\node_modules\next\dist\compiled\next-server\app-page.runtime.prod.js:12:61547)
    at nL (C:\Users\Banjo\.gemini\antigravity\scratch\likkle-legends\node_modules\next\dist\compiled\next-server\app-page.runtime.prod.js:12:64547)
    at nB (C:\Users\Banjo\.gemini\antigravity\scratch\likkle-legends\node_modules\next\dist\compiled\next-server\app-page.runtime.prod.js:12:67539)
    at nD (C:\Users\Banjo\.gemini\antigravity\scratch\likkle-legends\node_modules\next\dist\compiled\next-server\app-page.runtime.prod.js:12:66681)
    at nL (C:\Users\Banjo\.gemini\antigravity\scratch\likkle-legends\node_modules\next\dist\compiled\next-server\app-page.runtime.prod.js:12:64854)

Error occurred prerendering page "/onboarding/welcome". Read more: https://nextjs.org/docs/messages/prerender-error

CMS Fetch Warning: TypeError: fetch failed
CMS Fetch Warning: TypeError: fetch failed
 Œì¬ø¬ª useSearchParams() should be wrapped in a suspense boundary at page "/login". Read more: https://nextjs.org/docs/messages/missing-suspense-with-csr-bailout
    at a (C:\Users\Banjo\.gemini\antigravity\scratch\likkle-legends\.next\server\chunks\1056.js:23:16852)
    at c (C:\Users\Banjo\.gemini\antigravity\scratch\likkle-legends\.next\server\chunks\1056.js:23:27835)
    at a (C:\Users\Banjo\.gemini\antigravity\scratch\likkle-legends\.next\server\chunks\2088.js:46:2317)
    at nj (C:\Users\Banjo\.gemini\antigravity\scratch\likkle-legends\node_modules\next\dist\compiled\next-server\app-page.runtime.prod.js:12:46252)
    at nM (C:\Users\Banjo\.gemini\antigravity\scratch\likkle-legends\node_modules\next\dist\compiled\next-server\app-page.runtime.prod.js:12:47572)
    at nM (C:\Users\Banjo\.gemini\antigravity\scratch\likkle-legends\node_modules\next\dist\compiled\next-server\app-page.runtime.prod.js:12:61547)
    at nL (C:\Users\Banjo\.gemini\antigravity\scratch\likkle-legends\node_modules\next\dist\compiled\next-server\app-page.runtime.prod.js:12:64547)
    at nB (C:\Users\Banjo\.gemini\antigravity\scratch\likkle-legends\node_modules\next\dist\compiled\next-server\app-page.runtime.prod.js:12:67539)
    at nD (C:\Users\Banjo\.gemini\antigravity\scratch\likkle-legends\node_modules\next\dist\compiled\next-server\app-page.runtime.prod.js:12:66681)
    at nL (C:\Users\Banjo\.gemini\antigravity\scratch\likkle-legends\node_modules\next\dist\compiled\next-server\app-page.runtime.prod.js:12:64854)

Error occurred prerendering page "/login". Read more: https://nextjs.org/docs/messages/prerender-error

CMS Fetch Warning: TypeError: fetch failed
CMS Fetch Warning: TypeError: fetch failed
 Œì¬ø¬ª useSearchParams() should be wrapped in a suspense boundary at page "/notifications". Read more: https://nextjs.org/docs/messages/missing-suspense-with-csr-bailout
    at a (C:\Users\Banjo\.gemini\antigravity\scratch\likkle-legends\.next\server\chunks\1056.js:23:16852)
    at c (C:\Users\Banjo\.gemini\antigravity\scratch\likkle-legends\.next\server\chunks\1056.js:23:27835)
    at a (C:\Users\Banjo\.gemini\antigravity\scratch\likkle-legends\.next\server\chunks\2088.js:46:2317)
    at nj (C:\Users\Banjo\.gemini\antigravity\scratch\likkle-legends\node_modules\next\dist\compiled\next-server\app-page.runtime.prod.js:12:46252)
    at nM (C:\Users\Banjo\.gemini\antigravity\scratch\likkle-legends\node_modules\next\dist\compiled\next-server\app-page.runtime.prod.js:12:47572)
    at nM (C:\Users\Banjo\.gemini\antigravity\scratch\likkle-legends\node_modules\next\dist\compiled\next-server\app-page.runtime.prod.js:12:61547)
    at nL (C:\Users\Banjo\.gemini\antigravity\scratch\likkle-legends\node_modules\next\dist\compiled\next-server\app-page.runtime.prod.js:12:64547)
    at nB (C:\Users\Banjo\.gemini\antigravity\scratch\likkle-legends\node_modules\next\dist\compiled\next-server\app-page.runtime.prod.js:12:67539)
    at nD (C:\Users\Banjo\.gemini\antigravity\scratch\likkle-legends\node_modules\next\dist\compiled\next-server\app-page.runtime.prod.js:12:66681)
    at nL (C:\Users\Banjo\.gemini\antigravity\scratch\likkle-legends\node_modules\next\dist\compiled\next-server\app-page.runtime.prod.js:12:64854)

Error occurred prerendering page "/notifications". Read more: https://nextjs.org/docs/messages/prerender-error

CMS Fetch Warning: TypeError: fetch failed
CMS Fetch Warning: TypeError: fetch failed
 Œì¬ø¬ª useSearchParams() should be wrapped in a suspense boundary at page "/onboarding/complete". Read more: https://nextjs.org/docs/messages/missing-suspense-with-csr-bailout
    at a (C:\Users\Banjo\.gemini\antigravity\scratch\likkle-legends\.next\server\chunks\1056.js:23:16852)
    at c (C:\Users\Banjo\.gemini\antigravity\scratch\likkle-legends\.next\server\chunks\1056.js:23:27835)
    at a (C:\Users\Banjo\.gemini\antigravity\scratch\likkle-legends\.next\server\chunks\2088.js:46:2317)
    at nj (C:\Users\Banjo\.gemini\antigravity\scratch\likkle-legends\node_modules\next\dist\compiled\next-server\app-page.runtime.prod.js:12:46252)
    at nM (C:\Users\Banjo\.gemini\antigravity\scratch\likkle-legends\node_modules\next\dist\compiled\next-server\app-page.runtime.prod.js:12:47572)
    at nM (C:\Users\Banjo\.gemini\antigravity\scratch\likkle-legends\node_modules\next\dist\compiled\next-server\app-page.runtime.prod.js:12:61547)
    at nL (C:\Users\Banjo\.gemini\antigravity\scratch\likkle-legends\node_modules\next\dist\compiled\next-server\app-page.runtime.prod.js:12:64547)
    at nB (C:\Users\Banjo\.gemini\antigravity\scratch\likkle-legends\node_modules\next\dist\compiled\next-server\app-page.runtime.prod.js:12:67539)
    at nD (C:\Users\Banjo\.gemini\antigravity\scratch\likkle-legends\node_modules\next\dist\compiled\next-server\app-page.runtime.prod.js:12:66681)
    at nL (C:\Users\Banjo\.gemini\antigravity\scratch\likkle-legends\node_modules\next\dist\compiled\next-server\app-page.runtime.prod.js:12:64854)

Error occurred prerendering page "/onboarding/complete". Read more: https://nextjs.org/docs/messages/prerender-error

CMS Fetch Warning: TypeError: fetch failed
CMS Fetch Warning: TypeError: fetch failed
 Œì¬ø¬ª useSearchParams() should be wrapped in a suspense boundary at page "/portal/lessons". Read more: https://nextjs.org/docs/messages/missing-suspense-with-csr-bailout
    at a (C:\Users\Banjo\.gemini\antigravity\scratch\likkle-legends\.next\server\chunks\1056.js:23:16852)
    at c (C:\Users\Banjo\.gemini\antigravity\scratch\likkle-legends\.next\server\chunks\1056.js:23:27835)
    at a (C:\Users\Banjo\.gemini\antigravity\scratch\likkle-legends\.next\server\chunks\2088.js:46:2317)
    at nj (C:\Users\Banjo\.gemini\antigravity\scratch\likkle-legends\node_modules\next\dist\compiled\next-server\app-page.runtime.prod.js:12:46252)
    at nM (C:\Users\Banjo\.gemini\antigravity\scratch\likkle-legends\node_modules\next\dist\compiled\next-server\app-page.runtime.prod.js:12:47572)
    at nM (C:\Users\Banjo\.gemini\antigravity\scratch\likkle-legends\node_modules\next\dist\compiled\next-server\app-page.runtime.prod.js:12:61547)
    at nL (C:\Users\Banjo\.gemini\antigravity\scratch\likkle-legends\node_modules\next\dist\compiled\next-server\app-page.runtime.prod.js:12:64547)
    at nB (C:\Users\Banjo\.gemini\antigravity\scratch\likkle-legends\node_modules\next\dist\compiled\next-server\app-page.runtime.prod.js:12:67539)
    at nD (C:\Users\Banjo\.gemini\antigravity\scratch\likkle-legends\node_modules\next\dist\compiled\next-server\app-page.runtime.prod.js:12:66681)
    at nL (C:\Users\Banjo\.gemini\antigravity\scratch\likkle-legends\node_modules\next\dist\compiled\next-server\app-page.runtime.prod.js:12:64854)

Error occurred prerendering page "/portal/lessons". Read more: https://nextjs.org/docs/messages/prerender-error

CMS Fetch Warning: TypeError: fetch failed
CMS Fetch Warning: TypeError: fetch failed
 Œì¬ø¬ª useSearchParams() should be wrapped in a suspense boundary at page "/portal/games". Read more: https://nextjs.org/docs/messages/missing-suspense-with-csr-bailout
    at a (C:\Users\Banjo\.gemini\antigravity\scratch\likkle-legends\.next\server\chunks\1056.js:23:16852)
    at c (C:\Users\Banjo\.gemini\antigravity\scratch\likkle-legends\.next\server\chunks\1056.js:23:27835)
    at a (C:\Users\Banjo\.gemini\antigravity\scratch\likkle-legends\.next\server\chunks\2088.js:46:2317)
    at nj (C:\Users\Banjo\.gemini\antigravity\scratch\likkle-legends\node_modules\next\dist\compiled\next-server\app-page.runtime.prod.js:12:46252)
    at nM (C:\Users\Banjo\.gemini\antigravity\scratch\likkle-legends\node_modules\next\dist\compiled\next-server\app-page.runtime.prod.js:12:47572)
    at nM (C:\Users\Banjo\.gemini\antigravity\scratch\likkle-legends\node_modules\next\dist\compiled\next-server\app-page.runtime.prod.js:12:61547)
    at nL (C:\Users\Banjo\.gemini\antigravity\scratch\likkle-legends\node_modules\next\dist\compiled\next-server\app-page.runtime.prod.js:12:64547)
    at nB (C:\Users\Banjo\.gemini\antigravity\scratch\likkle-legends\node_modules\next\dist\compiled\next-server\app-page.runtime.prod.js:12:67539)
    at nD (C:\Users\Banjo\.gemini\antigravity\scratch\likkle-legends\node_modules\next\dist\compiled\next-server\app-page.runtime.prod.js:12:66681)
    at nL (C:\Users\Banjo\.gemini\antigravity\scratch\likkle-legends\node_modules\next\dist\compiled\next-server\app-page.runtime.prod.js:12:64854)

Error occurred prerendering page "/portal/games". Read more: https://nextjs.org/docs/messages/prerender-error

CMS Fetch Warning: TypeError: fetch failed
CMS Fetch Warning: TypeError: fetch failed
 Œì¬ø¬ª useSearchParams() should be wrapped in a suspense boundary at page "/portal/badges". Read more: https://nextjs.org/docs/messages/missing-suspense-with-csr-bailout
    at a (C:\Users\Banjo\.gemini\antigravity\scratch\likkle-legends\.next\server\chunks\1056.js:23:16852)
    at c (C:\Users\Banjo\.gemini\antigravity\scratch\likkle-legends\.next\server\chunks\1056.js:23:27835)
    at a (C:\Users\Banjo\.gemini\antigravity\scratch\likkle-legends\.next\server\chunks\2088.js:46:2317)
    at nj (C:\Users\Banjo\.gemini\antigravity\scratch\likkle-legends\node_modules\next\dist\compiled\next-server\app-page.runtime.prod.js:12:46252)
    at nM (C:\Users\Banjo\.gemini\antigravity\scratch\likkle-legends\node_modules\next\dist\compiled\next-server\app-page.runtime.prod.js:12:47572)
    at nM (C:\Users\Banjo\.gemini\antigravity\scratch\likkle-legends\node_modules\next\dist\compiled\next-server\app-page.runtime.prod.js:12:61547)
    at nL (C:\Users\Banjo\.gemini\antigravity\scratch\likkle-legends\node_modules\next\dist\compiled\next-server\app-page.runtime.prod.js:12:64547)
    at nB (C:\Users\Banjo\.gemini\antigravity\scratch\likkle-legends\node_modules\next\dist\compiled\next-server\app-page.runtime.prod.js:12:67539)
    at nD (C:\Users\Banjo\.gemini\antigravity\scratch\likkle-legends\node_modules\next\dist\compiled\next-server\app-page.runtime.prod.js:12:66681)
    at nL (C:\Users\Banjo\.gemini\antigravity\scratch\likkle-legends\node_modules\next\dist\compiled\next-server\app-page.runtime.prod.js:12:64854)

Error occurred prerendering page "/portal/badges". Read more: https://nextjs.org/docs/messages/prerender-error

CMS Fetch Warning: TypeError: fetch failed
CMS Fetch Warning: TypeError: fetch failed
 Œì¬ø¬ª useSearchParams() should be wrapped in a suspense boundary at page "/portal/games/color-match". Read more: https://nextjs.org/docs/messages/missing-suspense-with-csr-bailout
    at a (C:\Users\Banjo\.gemini\antigravity\scratch\likkle-legends\.next\server\chunks\1056.js:23:16852)
    at c (C:\Users\Banjo\.gemini\antigravity\scratch\likkle-legends\.next\server\chunks\1056.js:23:27835)
    at a (C:\Users\Banjo\.gemini\antigravity\scratch\likkle-legends\.next\server\chunks\2088.js:46:2317)
    at nj (C:\Users\Banjo\.gemini\antigravity\scratch\likkle-legends\node_modules\next\dist\compiled\next-server\app-page.runtime.prod.js:12:46252)
    at nM (C:\Users\Banjo\.gemini\antigravity\scratch\likkle-legends\node_modules\next\dist\compiled\next-server\app-page.runtime.prod.js:12:47572)
    at nM (C:\Users\Banjo\.gemini\antigravity\scratch\likkle-legends\node_modules\next\dist\compiled\next-server\app-page.runtime.prod.js:12:61547)
    at nL (C:\Users\Banjo\.gemini\antigravity\scratch\likkle-legends\node_modules\next\dist\compiled\next-server\app-page.runtime.prod.js:12:64547)
    at nB (C:\Users\Banjo\.gemini\antigravity\scratch\likkle-legends\node_modules\next\dist\compiled\next-server\app-page.runtime.prod.js:12:67539)
    at nD (C:\Users\Banjo\.gemini\antigravity\scratch\likkle-legends\node_modules\next\dist\compiled\next-server\app-page.runtime.prod.js:12:66681)
    at nL (C:\Users\Banjo\.gemini\antigravity\scratch\likkle-legends\node_modules\next\dist\compiled\next-server\app-page.runtime.prod.js:12:64854)

Error occurred prerendering page "/portal/games/color-match". Read more: https://nextjs.org/docs/messages/prerender-error

CMS Fetch Warning: TypeError: fetch failed
CMS Fetch Warning: TypeError: fetch failed
 Œì¬ø¬ª useSearchParams() should be wrapped in a suspense boundary at page "/onboarding/child". Read more: https://nextjs.org/docs/messages/missing-suspense-with-csr-bailout
    at a (C:\Users\Banjo\.gemini\antigravity\scratch\likkle-legends\.next\server\chunks\1056.js:23:16852)
    at c (C:\Users\Banjo\.gemini\antigravity\scratch\likkle-legends\.next\server\chunks\1056.js:23:27835)
    at a (C:\Users\Banjo\.gemini\antigravity\scratch\likkle-legends\.next\server\chunks\2088.js:46:2317)
    at nj (C:\Users\Banjo\.gemini\antigravity\scratch\likkle-legends\node_modules\next\dist\compiled\next-server\app-page.runtime.prod.js:12:46252)
    at nM (C:\Users\Banjo\.gemini\antigravity\scratch\likkle-legends\node_modules\next\dist\compiled\next-server\app-page.runtime.prod.js:12:47572)
    at nM (C:\Users\Banjo\.gemini\antigravity\scratch\likkle-legends\node_modules\next\dist\compiled\next-server\app-page.runtime.prod.js:12:61547)
    at nL (C:\Users\Banjo\.gemini\antigravity\scratch\likkle-legends\node_modules\next\dist\compiled\next-server\app-page.runtime.prod.js:12:64547)
    at nB (C:\Users\Banjo\.gemini\antigravity\scratch\likkle-legends\node_modules\next\dist\compiled\next-server\app-page.runtime.prod.js:12:67539)
    at nD (C:\Users\Banjo\.gemini\antigravity\scratch\likkle-legends\node_modules\next\dist\compiled\next-server\app-page.runtime.prod.js:12:66681)
    at nL (C:\Users\Banjo\.gemini\antigravity\scratch\likkle-legends\node_modules\next\dist\compiled\next-server\app-page.runtime.prod.js:12:64854)

Error occurred prerendering page "/onboarding/child". Read more: https://nextjs.org/docs/messages/prerender-error

CMS Fetch Warning: TypeError: fetch failed
CMS Fetch Warning: TypeError: fetch failed
 Œì¬ø¬ª useSearchParams() should be wrapped in a suspense boundary at page "/portal/games/mango-catch". Read more: https://nextjs.org/docs/messages/missing-suspense-with-csr-bailout
    at a (C:\Users\Banjo\.gemini\antigravity\scratch\likkle-legends\.next\server\chunks\1056.js:23:16852)
    at c (C:\Users\Banjo\.gemini\antigravity\scratch\likkle-legends\.next\server\chunks\1056.js:23:27835)
    at a (C:\Users\Banjo\.gemini\antigravity\scratch\likkle-legends\.next\server\chunks\2088.js:46:2317)
    at nj (C:\Users\Banjo\.gemini\antigravity\scratch\likkle-legends\node_modules\next\dist\compiled\next-server\app-page.runtime.prod.js:12:46252)
    at nM (C:\Users\Banjo\.gemini\antigravity\scratch\likkle-legends\node_modules\next\dist\compiled\next-server\app-page.runtime.prod.js:12:47572)
    at nM (C:\Users\Banjo\.gemini\antigravity\scratch\likkle-legends\node_modules\next\dist\compiled\next-server\app-page.runtime.prod.js:12:61547)
    at nL (C:\Users\Banjo\.gemini\antigravity\scratch\likkle-legends\node_modules\next\dist\compiled\next-server\app-page.runtime.prod.js:12:64547)
    at nB (C:\Users\Banjo\.gemini\antigravity\scratch\likkle-legends\node_modules\next\dist\compiled\next-server\app-page.runtime.prod.js:12:67539)
    at nD (C:\Users\Banjo\.gemini\antigravity\scratch\likkle-legends\node_modules\next\dist\compiled\next-server\app-page.runtime.prod.js:12:66681)
    at nL (C:\Users\Banjo\.gemini\antigravity\scratch\likkle-legends\node_modules\next\dist\compiled\next-server\app-page.runtime.prod.js:12:64854)

Error occurred prerendering page "/portal/games/mango-catch". Read more: https://nextjs.org/docs/messages/prerender-error

   Generating static pages (90/120) 
CMS Fetch Warning: TypeError: fetch failed
CMS Fetch Warning: TypeError: fetch failed
 Œì¬ø¬ª useSearchParams() should be wrapped in a suspense boundary at page "/portal/missions". Read more: https://nextjs.org/docs/messages/missing-suspense-with-csr-bailout
    at a (C:\Users\Banjo\.gemini\antigravity\scratch\likkle-legends\.next\server\chunks\1056.js:23:16852)
    at c (C:\Users\Banjo\.gemini\antigravity\scratch\likkle-legends\.next\server\chunks\1056.js:23:27835)
    at a (C:\Users\Banjo\.gemini\antigravity\scratch\likkle-legends\.next\server\chunks\2088.js:46:2317)
    at nj (C:\Users\Banjo\.gemini\antigravity\scratch\likkle-legends\node_modules\next\dist\compiled\next-server\app-page.runtime.prod.js:12:46252)
    at nM (C:\Users\Banjo\.gemini\antigravity\scratch\likkle-legends\node_modules\next\dist\compiled\next-server\app-page.runtime.prod.js:12:47572)
    at nM (C:\Users\Banjo\.gemini\antigravity\scratch\likkle-legends\node_modules\next\dist\compiled\next-server\app-page.runtime.prod.js:12:61547)
    at nL (C:\Users\Banjo\.gemini\antigravity\scratch\likkle-legends\node_modules\next\dist\compiled\next-server\app-page.runtime.prod.js:12:64547)
    at nB (C:\Users\Banjo\.gemini\antigravity\scratch\likkle-legends\node_modules\next\dist\compiled\next-server\app-page.runtime.prod.js:12:67539)
    at nD (C:\Users\Banjo\.gemini\antigravity\scratch\likkle-legends\node_modules\next\dist\compiled\next-server\app-page.runtime.prod.js:12:66681)
    at nL (C:\Users\Banjo\.gemini\antigravity\scratch\likkle-legends\node_modules\next\dist\compiled\next-server\app-page.runtime.prod.js:12:64854)

Error occurred prerendering page "/portal/missions". Read more: https://nextjs.org/docs/messages/prerender-error

CMS Fetch Warning: TypeError: fetch failed
CMS Fetch Warning: TypeError: fetch failed
 Œì¬ø¬ª useSearchParams() should be wrapped in a suspense boundary at page "/portal/printables". Read more: https://nextjs.org/docs/messages/missing-suspense-with-csr-bailout
    at a (C:\Users\Banjo\.gemini\antigravity\scratch\likkle-legends\.next\server\chunks\1056.js:23:16852)
    at c (C:\Users\Banjo\.gemini\antigravity\scratch\likkle-legends\.next\server\chunks\1056.js:23:27835)
    at a (C:\Users\Banjo\.gemini\antigravity\scratch\likkle-legends\.next\server\chunks\2088.js:46:2317)
    at nj (C:\Users\Banjo\.gemini\antigravity\scratch\likkle-legends\node_modules\next\dist\compiled\next-server\app-page.runtime.prod.js:12:46252)
    at nM (C:\Users\Banjo\.gemini\antigravity\scratch\likkle-legends\node_modules\next\dist\compiled\next-server\app-page.runtime.prod.js:12:47572)
    at nM (C:\Users\Banjo\.gemini\antigravity\scratch\likkle-legends\node_modules\next\dist\compiled\next-server\app-page.runtime.prod.js:12:61547)
    at nL (C:\Users\Banjo\.gemini\antigravity\scratch\likkle-legends\node_modules\next\dist\compiled\next-server\app-page.runtime.prod.js:12:64547)
    at nB (C:\Users\Banjo\.gemini\antigravity\scratch\likkle-legends\node_modules\next\dist\compiled\next-server\app-page.runtime.prod.js:12:67539)
    at nD (C:\Users\Banjo\.gemini\antigravity\scratch\likkle-legends\node_modules\next\dist\compiled\next-server\app-page.runtime.prod.js:12:66681)
    at nL (C:\Users\Banjo\.gemini\antigravity\scratch\likkle-legends\node_modules\next\dist\compiled\next-server\app-page.runtime.prod.js:12:64854)

Error occurred prerendering page "/portal/printables". Read more: https://nextjs.org/docs/messages/prerender-error

CMS Fetch Warning: TypeError: fetch failed
CMS Fetch Warning: TypeError: fetch failed
 Œì¬ø¬ª useSearchParams() should be wrapped in a suspense boundary at page "/portal/store". Read more: https://nextjs.org/docs/messages/missing-suspense-with-csr-bailout
    at a (C:\Users\Banjo\.gemini\antigravity\scratch\likkle-legends\.next\server\chunks\1056.js:23:16852)
    at c (C:\Users\Banjo\.gemini\antigravity\scratch\likkle-legends\.next\server\chunks\1056.js:23:27835)
    at a (C:\Users\Banjo\.gemini\antigravity\scratch\likkle-legends\.next\server\chunks\2088.js:46:2317)
    at nj (C:\Users\Banjo\.gemini\antigravity\scratch\likkle-legends\node_modules\next\dist\compiled\next-server\app-page.runtime.prod.js:12:46252)
    at nM (C:\Users\Banjo\.gemini\antigravity\scratch\likkle-legends\node_modules\next\dist\compiled\next-server\app-page.runtime.prod.js:12:47572)
    at nM (C:\Users\Banjo\.gemini\antigravity\scratch\likkle-legends\node_modules\next\dist\compiled\next-server\app-page.runtime.prod.js:12:61547)
    at nL (C:\Users\Banjo\.gemini\antigravity\scratch\likkle-legends\node_modules\next\dist\compiled\next-server\app-page.runtime.prod.js:12:64547)
    at nB (C:\Users\Banjo\.gemini\antigravity\scratch\likkle-legends\node_modules\next\dist\compiled\next-server\app-page.runtime.prod.js:12:67539)
    at nD (C:\Users\Banjo\.gemini\antigravity\scratch\likkle-legends\node_modules\next\dist\compiled\next-server\app-page.runtime.prod.js:12:66681)
    at nL (C:\Users\Banjo\.gemini\antigravity\scratch\likkle-legends\node_modules\next\dist\compiled\next-server\app-page.runtime.prod.js:12:64854)

Error occurred prerendering page "/portal/store". Read more: https://nextjs.org/docs/messages/prerender-error

CMS Fetch Warning: TypeError: fetch failed
CMS Fetch Warning: TypeError: fetch failed
 Œì¬ø¬ª useSearchParams() should be wrapped in a suspense boundary at page "/portal/story-studio". Read more: https://nextjs.org/docs/messages/missing-suspense-with-csr-bailout
    at a (C:\Users\Banjo\.gemini\antigravity\scratch\likkle-legends\.next\server\chunks\1056.js:23:16852)
    at c (C:\Users\Banjo\.gemini\antigravity\scratch\likkle-legends\.next\server\chunks\1056.js:23:27835)
    at a (C:\Users\Banjo\.gemini\antigravity\scratch\likkle-legends\.next\server\chunks\2088.js:46:2317)
    at nj (C:\Users\Banjo\.gemini\antigravity\scratch\likkle-legends\node_modules\next\dist\compiled\next-server\app-page.runtime.prod.js:12:46252)
    at nM (C:\Users\Banjo\.gemini\antigravity\scratch\likkle-legends\node_modules\next\dist\compiled\next-server\app-page.runtime.prod.js:12:47572)
    at nM (C:\Users\Banjo\.gemini\antigravity\scratch\likkle-legends\node_modules\next\dist\compiled\next-server\app-page.runtime.prod.js:12:61547)
    at nL (C:\Users\Banjo\.gemini\antigravity\scratch\likkle-legends\node_modules\next\dist\compiled\next-server\app-page.runtime.prod.js:12:64547)
    at nB (C:\Users\Banjo\.gemini\antigravity\scratch\likkle-legends\node_modules\next\dist\compiled\next-server\app-page.runtime.prod.js:12:67539)
    at nD (C:\Users\Banjo\.gemini\antigravity\scratch\likkle-legends\node_modules\next\dist\compiled\next-server\app-page.runtime.prod.js:12:66681)
    at nL (C:\Users\Banjo\.gemini\antigravity\scratch\likkle-legends\node_modules\next\dist\compiled\next-server\app-page.runtime.prod.js:12:64854)

Error occurred prerendering page "/portal/story-studio". Read more: https://nextjs.org/docs/messages/prerender-error

CMS Fetch Warning: TypeError: fetch failed
CMS Fetch Warning: TypeError: fetch failed
 Œì¬ø¬ª useSearchParams() should be wrapped in a suspense boundary at page "/portal/settings". Read more: https://nextjs.org/docs/messages/missing-suspense-with-csr-bailout
    at a (C:\Users\Banjo\.gemini\antigravity\scratch\likkle-legends\.next\server\chunks\1056.js:23:16852)
    at c (C:\Users\Banjo\.gemini\antigravity\scratch\likkle-legends\.next\server\chunks\1056.js:23:27835)
    at a (C:\Users\Banjo\.gemini\antigravity\scratch\likkle-legends\.next\server\chunks\2088.js:46:2317)
    at nj (C:\Users\Banjo\.gemini\antigravity\scratch\likkle-legends\node_modules\next\dist\compiled\next-server\app-page.runtime.prod.js:12:46252)
    at nM (C:\Users\Banjo\.gemini\antigravity\scratch\likkle-legends\node_modules\next\dist\compiled\next-server\app-page.runtime.prod.js:12:47572)
    at nM (C:\Users\Banjo\.gemini\antigravity\scratch\likkle-legends\node_modules\next\dist\compiled\next-server\app-page.runtime.prod.js:12:61547)
    at nL (C:\Users\Banjo\.gemini\antigravity\scratch\likkle-legends\node_modules\next\dist\compiled\next-server\app-page.runtime.prod.js:12:64547)
    at nB (C:\Users\Banjo\.gemini\antigravity\scratch\likkle-legends\node_modules\next\dist\compiled\next-server\app-page.runtime.prod.js:12:67539)
    at nD (C:\Users\Banjo\.gemini\antigravity\scratch\likkle-legends\node_modules\next\dist\compiled\next-server\app-page.runtime.prod.js:12:66681)
    at nL (C:\Users\Banjo\.gemini\antigravity\scratch\likkle-legends\node_modules\next\dist\compiled\next-server\app-page.runtime.prod.js:12:64854)

Error occurred prerendering page "/portal/settings". Read more: https://nextjs.org/docs/messages/prerender-error

CMS Fetch Warning: TypeError: fetch failed
CMS Fetch Warning: TypeError: fetch failed
 Œì¬ø¬ª useSearchParams() should be wrapped in a suspense boundary at page "/profile". Read more: https://nextjs.org/docs/messages/missing-suspense-with-csr-bailout
    at a (C:\Users\Banjo\.gemini\antigravity\scratch\likkle-legends\.next\server\chunks\1056.js:23:16852)
    at c (C:\Users\Banjo\.gemini\antigravity\scratch\likkle-legends\.next\server\chunks\1056.js:23:27835)
    at a (C:\Users\Banjo\.gemini\antigravity\scratch\likkle-legends\.next\server\chunks\2088.js:46:2317)
    at nj (C:\Users\Banjo\.gemini\antigravity\scratch\likkle-legends\node_modules\next\dist\compiled\next-server\app-page.runtime.prod.js:12:46252)
    at nM (C:\Users\Banjo\.gemini\antigravity\scratch\likkle-legends\node_modules\next\dist\compiled\next-server\app-page.runtime.prod.js:12:47572)
    at nM (C:\Users\Banjo\.gemini\antigravity\scratch\likkle-legends\node_modules\next\dist\compiled\next-server\app-page.runtime.prod.js:12:61547)
    at nL (C:\Users\Banjo\.gemini\antigravity\scratch\likkle-legends\node_modules\next\dist\compiled\next-server\app-page.runtime.prod.js:12:64547)
    at nB (C:\Users\Banjo\.gemini\antigravity\scratch\likkle-legends\node_modules\next\dist\compiled\next-server\app-page.runtime.prod.js:12:67539)
    at nD (C:\Users\Banjo\.gemini\antigravity\scratch\likkle-legends\node_modules\next\dist\compiled\next-server\app-page.runtime.prod.js:12:66681)
    at nL (C:\Users\Banjo\.gemini\antigravity\scratch\likkle-legends\node_modules\next\dist\compiled\next-server\app-page.runtime.prod.js:12:64854)

Error occurred prerendering page "/profile". Read more: https://nextjs.org/docs/messages/prerender-error

CMS Fetch Warning: TypeError: fetch failed
CMS Fetch Warning: TypeError: fetch failed
CMS Fetch Warning: TypeError: fetch failed
CMS Fetch Warning: TypeError: fetch failed
 Œì¬ø¬ª useSearchParams() should be wrapped in a suspense boundary at page "/". Read more: https://nextjs.org/docs/messages/missing-suspense-with-csr-bailout
    at a (C:\Users\Banjo\.gemini\antigravity\scratch\likkle-legends\.next\server\chunks\1056.js:23:16852)
    at c (C:\Users\Banjo\.gemini\antigravity\scratch\likkle-legends\.next\server\chunks\1056.js:23:27835)
    at a (C:\Users\Banjo\.gemini\antigravity\scratch\likkle-legends\.next\server\chunks\2088.js:46:2317)
    at nj (C:\Users\Banjo\.gemini\antigravity\scratch\likkle-legends\node_modules\next\dist\compiled\next-server\app-page.runtime.prod.js:12:46252)
    at nM (C:\Users\Banjo\.gemini\antigravity\scratch\likkle-legends\node_modules\next\dist\compiled\next-server\app-page.runtime.prod.js:12:47572)
    at nM (C:\Users\Banjo\.gemini\antigravity\scratch\likkle-legends\node_modules\next\dist\compiled\next-server\app-page.runtime.prod.js:12:61547)
    at nL (C:\Users\Banjo\.gemini\antigravity\scratch\likkle-legends\node_modules\next\dist\compiled\next-server\app-page.runtime.prod.js:12:64547)
    at nB (C:\Users\Banjo\.gemini\antigravity\scratch\likkle-legends\node_modules\next\dist\compiled\next-server\app-page.runtime.prod.js:12:67539)
    at nD (C:\Users\Banjo\.gemini\antigravity\scratch\likkle-legends\node_modules\next\dist\compiled\next-server\app-page.runtime.prod.js:12:66681)
    at nL (C:\Users\Banjo\.gemini\antigravity\scratch\likkle-legends\node_modules\next\dist\compiled\next-server\app-page.runtime.prod.js:12:64854)

Error occurred prerendering page "/". Read more: https://nextjs.org/docs/messages/prerender-error

CMS Fetch Warning: TypeError: fetch failed
CMS Fetch Warning: TypeError: fetch failed
 Œì¬ø¬ª useSearchParams() should be wrapped in a suspense boundary at page "/story-demo". Read more: https://nextjs.org/docs/messages/missing-suspense-with-csr-bailout
    at a (C:\Users\Banjo\.gemini\antigravity\scratch\likkle-legends\.next\server\chunks\1056.js:23:16852)
    at c (C:\Users\Banjo\.gemini\antigravity\scratch\likkle-legends\.next\server\chunks\1056.js:23:27835)
    at a (C:\Users\Banjo\.gemini\antigravity\scratch\likkle-legends\.next\server\chunks\2088.js:46:2317)
    at nj (C:\Users\Banjo\.gemini\antigravity\scratch\likkle-legends\node_modules\next\dist\compiled\next-server\app-page.runtime.prod.js:12:46252)
    at nM (C:\Users\Banjo\.gemini\antigravity\scratch\likkle-legends\node_modules\next\dist\compiled\next-server\app-page.runtime.prod.js:12:47572)
    at nM (C:\Users\Banjo\.gemini\antigravity\scratch\likkle-legends\node_modules\next\dist\compiled\next-server\app-page.runtime.prod.js:12:61547)
    at nL (C:\Users\Banjo\.gemini\antigravity\scratch\likkle-legends\node_modules\next\dist\compiled\next-server\app-page.runtime.prod.js:12:64547)
    at nB (C:\Users\Banjo\.gemini\antigravity\scratch\likkle-legends\node_modules\next\dist\compiled\next-server\app-page.runtime.prod.js:12:67539)
    at nD (C:\Users\Banjo\.gemini\antigravity\scratch\likkle-legends\node_modules\next\dist\compiled\next-server\app-page.runtime.prod.js:12:66681)
    at nL (C:\Users\Banjo\.gemini\antigravity\scratch\likkle-legends\node_modules\next\dist\compiled\next-server\app-page.runtime.prod.js:12:64854)

Error occurred prerendering page "/story-demo". Read more: https://nextjs.org/docs/messages/prerender-error

CMS Fetch Warning: TypeError: fetch failed
CMS Fetch Warning: TypeError: fetch failed
 Œì¬ø¬ª useSearchParams() should be wrapped in a suspense boundary at page "/portal/stories". Read more: https://nextjs.org/docs/messages/missing-suspense-with-csr-bailout
    at a (C:\Users\Banjo\.gemini\antigravity\scratch\likkle-legends\.next\server\chunks\1056.js:23:16852)
    at c (C:\Users\Banjo\.gemini\antigravity\scratch\likkle-legends\.next\server\chunks\1056.js:23:27835)
    at a (C:\Users\Banjo\.gemini\antigravity\scratch\likkle-legends\.next\server\chunks\2088.js:46:2317)
    at nj (C:\Users\Banjo\.gemini\antigravity\scratch\likkle-legends\node_modules\next\dist\compiled\next-server\app-page.runtime.prod.js:12:46252)
    at nM (C:\Users\Banjo\.gemini\antigravity\scratch\likkle-legends\node_modules\next\dist\compiled\next-server\app-page.runtime.prod.js:12:47572)
    at nM (C:\Users\Banjo\.gemini\antigravity\scratch\likkle-legends\node_modules\next\dist\compiled\next-server\app-page.runtime.prod.js:12:61547)
    at nL (C:\Users\Banjo\.gemini\antigravity\scratch\likkle-legends\node_modules\next\dist\compiled\next-server\app-page.runtime.prod.js:12:64547)
    at nB (C:\Users\Banjo\.gemini\antigravity\scratch\likkle-legends\node_modules\next\dist\compiled\next-server\app-page.runtime.prod.js:12:67539)
    at nD (C:\Users\Banjo\.gemini\antigravity\scratch\likkle-legends\node_modules\next\dist\compiled\next-server\app-page.runtime.prod.js:12:66681)
    at nL (C:\Users\Banjo\.gemini\antigravity\scratch\likkle-legends\node_modules\next\dist\compiled\next-server\app-page.runtime.prod.js:12:64854)

Error occurred prerendering page "/portal/stories". Read more: https://nextjs.org/docs/messages/prerender-error

CMS Fetch Warning: TypeError: fetch failed
CMS Fetch Warning: TypeError: fetch failed
 Œì¬ø¬ª useSearchParams() should be wrapped in a suspense boundary at page "/parent". Read more: https://nextjs.org/docs/messages/missing-suspense-with-csr-bailout
    at a (C:\Users\Banjo\.gemini\antigravity\scratch\likkle-legends\.next\server\chunks\1056.js:23:16852)
    at c (C:\Users\Banjo\.gemini\antigravity\scratch\likkle-legends\.next\server\chunks\1056.js:23:27835)
    at a (C:\Users\Banjo\.gemini\antigravity\scratch\likkle-legends\.next\server\chunks\2088.js:46:2317)
    at nj (C:\Users\Banjo\.gemini\antigravity\scratch\likkle-legends\node_modules\next\dist\compiled\next-server\app-page.runtime.prod.js:12:46252)
    at nM (C:\Users\Banjo\.gemini\antigravity\scratch\likkle-legends\node_modules\next\dist\compiled\next-server\app-page.runtime.prod.js:12:47572)
    at nM (C:\Users\Banjo\.gemini\antigravity\scratch\likkle-legends\node_modules\next\dist\compiled\next-server\app-page.runtime.prod.js:12:61547)
    at nL (C:\Users\Banjo\.gemini\antigravity\scratch\likkle-legends\node_modules\next\dist\compiled\next-server\app-page.runtime.prod.js:12:64547)
    at nB (C:\Users\Banjo\.gemini\antigravity\scratch\likkle-legends\node_modules\next\dist\compiled\next-server\app-page.runtime.prod.js:12:67539)
    at nD (C:\Users\Banjo\.gemini\antigravity\scratch\likkle-legends\node_modules\next\dist\compiled\next-server\app-page.runtime.prod.js:12:66681)
    at nL (C:\Users\Banjo\.gemini\antigravity\scratch\likkle-legends\node_modules\next\dist\compiled\next-server\app-page.runtime.prod.js:12:64854)

Error occurred prerendering page "/parent". Read more: https://nextjs.org/docs/messages/prerender-error

CMS Fetch Warning: TypeError: fetch failed
CMS Fetch Warning: TypeError: fetch failed
 Œì¬ø¬ª useSearchParams() should be wrapped in a suspense boundary at page "/characters". Read more: https://nextjs.org/docs/messages/missing-suspense-with-csr-bailout
    at a (C:\Users\Banjo\.gemini\antigravity\scratch\likkle-legends\.next\server\chunks\1056.js:23:16852)
    at c (C:\Users\Banjo\.gemini\antigravity\scratch\likkle-legends\.next\server\chunks\1056.js:23:27835)
    at a (C:\Users\Banjo\.gemini\antigravity\scratch\likkle-legends\.next\server\chunks\2088.js:46:2317)
    at nj (C:\Users\Banjo\.gemini\antigravity\scratch\likkle-legends\node_modules\next\dist\compiled\next-server\app-page.runtime.prod.js:12:46252)
    at nM (C:\Users\Banjo\.gemini\antigravity\scratch\likkle-legends\node_modules\next\dist\compiled\next-server\app-page.runtime.prod.js:12:47572)
    at nM (C:\Users\Banjo\.gemini\antigravity\scratch\likkle-legends\node_modules\next\dist\compiled\next-server\app-page.runtime.prod.js:12:61547)
    at nL (C:\Users\Banjo\.gemini\antigravity\scratch\likkle-legends\node_modules\next\dist\compiled\next-server\app-page.runtime.prod.js:12:64547)
    at nB (C:\Users\Banjo\.gemini\antigravity\scratch\likkle-legends\node_modules\next\dist\compiled\next-server\app-page.runtime.prod.js:12:67539)
    at nD (C:\Users\Banjo\.gemini\antigravity\scratch\likkle-legends\node_modules\next\dist\compiled\next-server\app-page.runtime.prod.js:12:66681)
    at nL (C:\Users\Banjo\.gemini\antigravity\scratch\likkle-legends\node_modules\next\dist\compiled\next-server\app-page.runtime.prod.js:12:64854)

Error occurred prerendering page "/characters". Read more: https://nextjs.org/docs/messages/prerender-error

CMS Fetch Warning: TypeError: fetch failed
CMS Fetch Warning: TypeError: fetch failed
 Œì¬ø¬ª useSearchParams() should be wrapped in a suspense boundary at page "/signup". Read more: https://nextjs.org/docs/messages/missing-suspense-with-csr-bailout
    at a (C:\Users\Banjo\.gemini\antigravity\scratch\likkle-legends\.next\server\chunks\1056.js:23:16852)
    at c (C:\Users\Banjo\.gemini\antigravity\scratch\likkle-legends\.next\server\chunks\1056.js:23:27835)
    at a (C:\Users\Banjo\.gemini\antigravity\scratch\likkle-legends\.next\server\chunks\2088.js:46:2317)
    at nj (C:\Users\Banjo\.gemini\antigravity\scratch\likkle-legends\node_modules\next\dist\compiled\next-server\app-page.runtime.prod.js:12:46252)
    at nM (C:\Users\Banjo\.gemini\antigravity\scratch\likkle-legends\node_modules\next\dist\compiled\next-server\app-page.runtime.prod.js:12:47572)
    at nM (C:\Users\Banjo\.gemini\antigravity\scratch\likkle-legends\node_modules\next\dist\compiled\next-server\app-page.runtime.prod.js:12:61547)
    at nL (C:\Users\Banjo\.gemini\antigravity\scratch\likkle-legends\node_modules\next\dist\compiled\next-server\app-page.runtime.prod.js:12:64547)
    at nB (C:\Users\Banjo\.gemini\antigravity\scratch\likkle-legends\node_modules\next\dist\compiled\next-server\app-page.runtime.prod.js:12:67539)
    at nD (C:\Users\Banjo\.gemini\antigravity\scratch\likkle-legends\node_modules\next\dist\compiled\next-server\app-page.runtime.prod.js:12:66681)
    at nL (C:\Users\Banjo\.gemini\antigravity\scratch\likkle-legends\node_modules\next\dist\compiled\next-server\app-page.runtime.prod.js:12:64854)

Error occurred prerendering page "/signup". Read more: https://nextjs.org/docs/messages/prerender-error

CMS Fetch Warning: TypeError: fetch failed
CMS Fetch Warning: TypeError: fetch failed
 Œì¬ø¬ª useSearchParams() should be wrapped in a suspense boundary at page "/portal/games/anansi-web". Read more: https://nextjs.org/docs/messages/missing-suspense-with-csr-bailout
    at a (C:\Users\Banjo\.gemini\antigravity\scratch\likkle-legends\.next\server\chunks\1056.js:23:16852)
    at c (C:\Users\Banjo\.gemini\antigravity\scratch\likkle-legends\.next\server\chunks\1056.js:23:27835)
    at a (C:\Users\Banjo\.gemini\antigravity\scratch\likkle-legends\.next\server\chunks\2088.js:46:2317)
    at nj (C:\Users\Banjo\.gemini\antigravity\scratch\likkle-legends\node_modules\next\dist\compiled\next-server\app-page.runtime.prod.js:12:46252)
    at nM (C:\Users\Banjo\.gemini\antigravity\scratch\likkle-legends\node_modules\next\dist\compiled\next-server\app-page.runtime.prod.js:12:47572)
    at nM (C:\Users\Banjo\.gemini\antigravity\scratch\likkle-legends\node_modules\next\dist\compiled\next-server\app-page.runtime.prod.js:12:61547)
    at nL (C:\Users\Banjo\.gemini\antigravity\scratch\likkle-legends\node_modules\next\dist\compiled\next-server\app-page.runtime.prod.js:12:64547)
    at nB (C:\Users\Banjo\.gemini\antigravity\scratch\likkle-legends\node_modules\next\dist\compiled\next-server\app-page.runtime.prod.js:12:67539)
    at nD (C:\Users\Banjo\.gemini\antigravity\scratch\likkle-legends\node_modules\next\dist\compiled\next-server\app-page.runtime.prod.js:12:66681)
    at nL (C:\Users\Banjo\.gemini\antigravity\scratch\likkle-legends\node_modules\next\dist\compiled\next-server\app-page.runtime.prod.js:12:64854)

Error occurred prerendering page "/portal/games/anansi-web". Read more: https://nextjs.org/docs/messages/prerender-error

CMS Fetch Warning: TypeError: fetch failed
CMS Fetch Warning: TypeError: fetch failed
 Œì¬ø¬ª useSearchParams() should be wrapped in a suspense boundary at page "/admin/decodable". Read more: https://nextjs.org/docs/messages/missing-suspense-with-csr-bailout
    at a (C:\Users\Banjo\.gemini\antigravity\scratch\likkle-legends\.next\server\chunks\1056.js:23:16852)
    at c (C:\Users\Banjo\.gemini\antigravity\scratch\likkle-legends\.next\server\chunks\1056.js:23:27835)
    at a (C:\Users\Banjo\.gemini\antigravity\scratch\likkle-legends\.next\server\chunks\2088.js:46:2317)
    at nj (C:\Users\Banjo\.gemini\antigravity\scratch\likkle-legends\node_modules\next\dist\compiled\next-server\app-page.runtime.prod.js:12:46252)
    at nM (C:\Users\Banjo\.gemini\antigravity\scratch\likkle-legends\node_modules\next\dist\compiled\next-server\app-page.runtime.prod.js:12:47572)
    at nM (C:\Users\Banjo\.gemini\antigravity\scratch\likkle-legends\node_modules\next\dist\compiled\next-server\app-page.runtime.prod.js:12:61547)
    at nL (C:\Users\Banjo\.gemini\antigravity\scratch\likkle-legends\node_modules\next\dist\compiled\next-server\app-page.runtime.prod.js:12:64547)
    at nB (C:\Users\Banjo\.gemini\antigravity\scratch\likkle-legends\node_modules\next\dist\compiled\next-server\app-page.runtime.prod.js:12:67539)
    at nD (C:\Users\Banjo\.gemini\antigravity\scratch\likkle-legends\node_modules\next\dist\compiled\next-server\app-page.runtime.prod.js:12:66681)
    at nL (C:\Users\Banjo\.gemini\antigravity\scratch\likkle-legends\node_modules\next\dist\compiled\next-server\app-page.runtime.prod.js:12:64854)

Error occurred prerendering page "/admin/decodable". Read more: https://nextjs.org/docs/messages/prerender-error

CMS Fetch Warning: TypeError: fetch failed
CMS Fetch Warning: TypeError: fetch failed
 Œì¬ø¬ª useSearchParams() should be wrapped in a suspense boundary at page "/faq". Read more: https://nextjs.org/docs/messages/missing-suspense-with-csr-bailout
    at a (C:\Users\Banjo\.gemini\antigravity\scratch\likkle-legends\.next\server\chunks\1056.js:23:16852)
    at c (C:\Users\Banjo\.gemini\antigravity\scratch\likkle-legends\.next\server\chunks\1056.js:23:27835)
    at a (C:\Users\Banjo\.gemini\antigravity\scratch\likkle-legends\.next\server\chunks\2088.js:46:2317)
    at nj (C:\Users\Banjo\.gemini\antigravity\scratch\likkle-legends\node_modules\next\dist\compiled\next-server\app-page.runtime.prod.js:12:46252)
    at nM (C:\Users\Banjo\.gemini\antigravity\scratch\likkle-legends\node_modules\next\dist\compiled\next-server\app-page.runtime.prod.js:12:47572)
    at nM (C:\Users\Banjo\.gemini\antigravity\scratch\likkle-legends\node_modules\next\dist\compiled\next-server\app-page.runtime.prod.js:12:61547)
    at nL (C:\Users\Banjo\.gemini\antigravity\scratch\likkle-legends\node_modules\next\dist\compiled\next-server\app-page.runtime.prod.js:12:64547)
    at nB (C:\Users\Banjo\.gemini\antigravity\scratch\likkle-legends\node_modules\next\dist\compiled\next-server\app-page.runtime.prod.js:12:67539)
    at nD (C:\Users\Banjo\.gemini\antigravity\scratch\likkle-legends\node_modules\next\dist\compiled\next-server\app-page.runtime.prod.js:12:66681)
    at nL (C:\Users\Banjo\.gemini\antigravity\scratch\likkle-legends\node_modules\next\dist\compiled\next-server\app-page.runtime.prod.js:12:64854)

Error occurred prerendering page "/faq". Read more: https://nextjs.org/docs/messages/prerender-error

CMS Fetch Warning: TypeError: fetch failed
CMS Fetch Warning: TypeError: fetch failed
 Œì¬ø¬ª useSearchParams() should be wrapped in a suspense boundary at page "/portal". Read more: https://nextjs.org/docs/messages/missing-suspense-with-csr-bailout
    at a (C:\Users\Banjo\.gemini\antigravity\scratch\likkle-legends\.next\server\chunks\1056.js:23:16852)
    at c (C:\Users\Banjo\.gemini\antigravity\scratch\likkle-legends\.next\server\chunks\1056.js:23:27835)
    at a (C:\Users\Banjo\.gemini\antigravity\scratch\likkle-legends\.next\server\chunks\2088.js:46:2317)
    at nj (C:\Users\Banjo\.gemini\antigravity\scratch\likkle-legends\node_modules\next\dist\compiled\next-server\app-page.runtime.prod.js:12:46252)
    at nM (C:\Users\Banjo\.gemini\antigravity\scratch\likkle-legends\node_modules\next\dist\compiled\next-server\app-page.runtime.prod.js:12:47572)
    at nM (C:\Users\Banjo\.gemini\antigravity\scratch\likkle-legends\node_modules\next\dist\compiled\next-server\app-page.runtime.prod.js:12:61547)
    at nL (C:\Users\Banjo\.gemini\antigravity\scratch\likkle-legends\node_modules\next\dist\compiled\next-server\app-page.runtime.prod.js:12:64547)
    at nB (C:\Users\Banjo\.gemini\antigravity\scratch\likkle-legends\node_modules\next\dist\compiled\next-server\app-page.runtime.prod.js:12:67539)
    at nD (C:\Users\Banjo\.gemini\antigravity\scratch\likkle-legends\node_modules\next\dist\compiled\next-server\app-page.runtime.prod.js:12:66681)
    at nL (C:\Users\Banjo\.gemini\antigravity\scratch\likkle-legends\node_modules\next\dist\compiled\next-server\app-page.runtime.prod.js:12:64854)

Error occurred prerendering page "/portal". Read more: https://nextjs.org/docs/messages/prerender-error

CMS Fetch Warning: TypeError: fetch failed
CMS Fetch Warning: TypeError: fetch failed
 Œì¬ø¬ª useSearchParams() should be wrapped in a suspense boundary at page "/portal/radio". Read more: https://nextjs.org/docs/messages/missing-suspense-with-csr-bailout
    at a (C:\Users\Banjo\.gemini\antigravity\scratch\likkle-legends\.next\server\chunks\1056.js:23:16852)
    at c (C:\Users\Banjo\.gemini\antigravity\scratch\likkle-legends\.next\server\chunks\1056.js:23:27835)
    at a (C:\Users\Banjo\.gemini\antigravity\scratch\likkle-legends\.next\server\chunks\2088.js:46:2317)
    at nj (C:\Users\Banjo\.gemini\antigravity\scratch\likkle-legends\node_modules\next\dist\compiled\next-server\app-page.runtime.prod.js:12:46252)
    at nM (C:\Users\Banjo\.gemini\antigravity\scratch\likkle-legends\node_modules\next\dist\compiled\next-server\app-page.runtime.prod.js:12:47572)
    at nM (C:\Users\Banjo\.gemini\antigravity\scratch\likkle-legends\node_modules\next\dist\compiled\next-server\app-page.runtime.prod.js:12:61547)
    at nL (C:\Users\Banjo\.gemini\antigravity\scratch\likkle-legends\node_modules\next\dist\compiled\next-server\app-page.runtime.prod.js:12:64547)
    at nB (C:\Users\Banjo\.gemini\antigravity\scratch\likkle-legends\node_modules\next\dist\compiled\next-server\app-page.runtime.prod.js:12:67539)
    at nD (C:\Users\Banjo\.gemini\antigravity\scratch\likkle-legends\node_modules\next\dist\compiled\next-server\app-page.runtime.prod.js:12:66681)
    at nL (C:\Users\Banjo\.gemini\antigravity\scratch\likkle-legends\node_modules\next\dist\compiled\next-server\app-page.runtime.prod.js:12:64854)

Error occurred prerendering page "/portal/radio". Read more: https://nextjs.org/docs/messages/prerender-error

CMS Fetch Warning: TypeError: fetch failed
CMS Fetch Warning: TypeError: fetch failed
 Œì¬ø¬ª useSearchParams() should be wrapped in a suspense boundary at page "/pricing". Read more: https://nextjs.org/docs/messages/missing-suspense-with-csr-bailout
    at a (C:\Users\Banjo\.gemini\antigravity\scratch\likkle-legends\.next\server\chunks\1056.js:23:16852)
    at c (C:\Users\Banjo\.gemini\antigravity\scratch\likkle-legends\.next\server\chunks\1056.js:23:27835)
    at a (C:\Users\Banjo\.gemini\antigravity\scratch\likkle-legends\.next\server\chunks\2088.js:46:2317)
    at nj (C:\Users\Banjo\.gemini\antigravity\scratch\likkle-legends\node_modules\next\dist\compiled\next-server\app-page.runtime.prod.js:12:46252)
    at nM (C:\Users\Banjo\.gemini\antigravity\scratch\likkle-legends\node_modules\next\dist\compiled\next-server\app-page.runtime.prod.js:12:47572)
    at nM (C:\Users\Banjo\.gemini\antigravity\scratch\likkle-legends\node_modules\next\dist\compiled\next-server\app-page.runtime.prod.js:12:61547)
    at nL (C:\Users\Banjo\.gemini\antigravity\scratch\likkle-legends\node_modules\next\dist\compiled\next-server\app-page.runtime.prod.js:12:64547)
    at nB (C:\Users\Banjo\.gemini\antigravity\scratch\likkle-legends\node_modules\next\dist\compiled\next-server\app-page.runtime.prod.js:12:67539)
    at nD (C:\Users\Banjo\.gemini\antigravity\scratch\likkle-legends\node_modules\next\dist\compiled\next-server\app-page.runtime.prod.js:12:66681)
    at nL (C:\Users\Banjo\.gemini\antigravity\scratch\likkle-legends\node_modules\next\dist\compiled\next-server\app-page.runtime.prod.js:12:64854)

Error occurred prerendering page "/pricing". Read more: https://nextjs.org/docs/messages/prerender-error

CMS Fetch Warning: TypeError: fetch failed
CMS Fetch Warning: TypeError: fetch failed
 Œì¬ø¬ª useSearchParams() should be wrapped in a suspense boundary at page "/about". Read more: https://nextjs.org/docs/messages/missing-suspense-with-csr-bailout
    at a (C:\Users\Banjo\.gemini\antigravity\scratch\likkle-legends\.next\server\chunks\1056.js:23:16852)
    at c (C:\Users\Banjo\.gemini\antigravity\scratch\likkle-legends\.next\server\chunks\1056.js:23:27835)
    at a (C:\Users\Banjo\.gemini\antigravity\scratch\likkle-legends\.next\server\chunks\2088.js:46:2317)
    at nj (C:\Users\Banjo\.gemini\antigravity\scratch\likkle-legends\node_modules\next\dist\compiled\next-server\app-page.runtime.prod.js:12:46252)
    at nM (C:\Users\Banjo\.gemini\antigravity\scratch\likkle-legends\node_modules\next\dist\compiled\next-server\app-page.runtime.prod.js:12:47572)
    at nM (C:\Users\Banjo\.gemini\antigravity\scratch\likkle-legends\node_modules\next\dist\compiled\next-server\app-page.runtime.prod.js:12:61547)
    at nL (C:\Users\Banjo\.gemini\antigravity\scratch\likkle-legends\node_modules\next\dist\compiled\next-server\app-page.runtime.prod.js:12:64547)
    at nB (C:\Users\Banjo\.gemini\antigravity\scratch\likkle-legends\node_modules\next\dist\compiled\next-server\app-page.runtime.prod.js:12:67539)
    at nD (C:\Users\Banjo\.gemini\antigravity\scratch\likkle-legends\node_modules\next\dist\compiled\next-server\app-page.runtime.prod.js:12:66681)
    at nL (C:\Users\Banjo\.gemini\antigravity\scratch\likkle-legends\node_modules\next\dist\compiled\next-server\app-page.runtime.prod.js:12:64854)

Error occurred prerendering page "/about". Read more: https://nextjs.org/docs/messages/prerender-error

CMS Fetch Warning: TypeError: fetch failed
CMS Fetch Warning: TypeError: fetch failed
 Œì¬ø¬ª useSearchParams() should be wrapped in a suspense boundary at page "/privacy". Read more: https://nextjs.org/docs/messages/missing-suspense-with-csr-bailout
    at a (C:\Users\Banjo\.gemini\antigravity\scratch\likkle-legends\.next\server\chunks\1056.js:23:16852)
    at c (C:\Users\Banjo\.gemini\antigravity\scratch\likkle-legends\.next\server\chunks\1056.js:23:27835)
    at a (C:\Users\Banjo\.gemini\antigravity\scratch\likkle-legends\.next\server\chunks\2088.js:46:2317)
    at nj (C:\Users\Banjo\.gemini\antigravity\scratch\likkle-legends\node_modules\next\dist\compiled\next-server\app-page.runtime.prod.js:12:46252)
    at nM (C:\Users\Banjo\.gemini\antigravity\scratch\likkle-legends\node_modules\next\dist\compiled\next-server\app-page.runtime.prod.js:12:47572)
    at nM (C:\Users\Banjo\.gemini\antigravity\scratch\likkle-legends\node_modules\next\dist\compiled\next-server\app-page.runtime.prod.js:12:61547)
    at nL (C:\Users\Banjo\.gemini\antigravity\scratch\likkle-legends\node_modules\next\dist\compiled\next-server\app-page.runtime.prod.js:12:64547)
    at nB (C:\Users\Banjo\.gemini\antigravity\scratch\likkle-legends\node_modules\next\dist\compiled\next-server\app-page.runtime.prod.js:12:67539)
    at nD (C:\Users\Banjo\.gemini\antigravity\scratch\likkle-legends\node_modules\next\dist\compiled\next-server\app-page.runtime.prod.js:12:66681)
    at nL (C:\Users\Banjo\.gemini\antigravity\scratch\likkle-legends\node_modules\next\dist\compiled\next-server\app-page.runtime.prod.js:12:64854)

Error occurred prerendering page "/privacy". Read more: https://nextjs.org/docs/messages/prerender-error

CMS Fetch Warning: TypeError: fetch failed
CMS Fetch Warning: TypeError: fetch failed
 Œì¬ø¬ª useSearchParams() should be wrapped in a suspense boundary at page "/schools". Read more: https://nextjs.org/docs/messages/missing-suspense-with-csr-bailout
    at a (C:\Users\Banjo\.gemini\antigravity\scratch\likkle-legends\.next\server\chunks\1056.js:23:16852)
    at c (C:\Users\Banjo\.gemini\antigravity\scratch\likkle-legends\.next\server\chunks\1056.js:23:27835)
    at a (C:\Users\Banjo\.gemini\antigravity\scratch\likkle-legends\.next\server\chunks\2088.js:46:2317)
    at nj (C:\Users\Banjo\.gemini\antigravity\scratch\likkle-legends\node_modules\next\dist\compiled\next-server\app-page.runtime.prod.js:12:46252)
    at nM (C:\Users\Banjo\.gemini\antigravity\scratch\likkle-legends\node_modules\next\dist\compiled\next-server\app-page.runtime.prod.js:12:47572)
    at nM (C:\Users\Banjo\.gemini\antigravity\scratch\likkle-legends\node_modules\next\dist\compiled\next-server\app-page.runtime.prod.js:12:61547)
    at nL (C:\Users\Banjo\.gemini\antigravity\scratch\likkle-legends\node_modules\next\dist\compiled\next-server\app-page.runtime.prod.js:12:64547)
    at nB (C:\Users\Banjo\.gemini\antigravity\scratch\likkle-legends\node_modules\next\dist\compiled\next-server\app-page.runtime.prod.js:12:67539)
    at nD (C:\Users\Banjo\.gemini\antigravity\scratch\likkle-legends\node_modules\next\dist\compiled\next-server\app-page.runtime.prod.js:12:66681)
    at nL (C:\Users\Banjo\.gemini\antigravity\scratch\likkle-legends\node_modules\next\dist\compiled\next-server\app-page.runtime.prod.js:12:64854)

Error occurred prerendering page "/schools". Read more: https://nextjs.org/docs/messages/prerender-error

CMS Fetch Warning: TypeError: fetch failed
CMS Fetch Warning: TypeError: fetch failed
 Œì¬ø¬ª useSearchParams() should be wrapped in a suspense boundary at page "/contact". Read more: https://nextjs.org/docs/messages/missing-suspense-with-csr-bailout
    at a (C:\Users\Banjo\.gemini\antigravity\scratch\likkle-legends\.next\server\chunks\1056.js:23:16852)
    at c (C:\Users\Banjo\.gemini\antigravity\scratch\likkle-legends\.next\server\chunks\1056.js:23:27835)
    at a (C:\Users\Banjo\.gemini\antigravity\scratch\likkle-legends\.next\server\chunks\2088.js:46:2317)
    at nj (C:\Users\Banjo\.gemini\antigravity\scratch\likkle-legends\node_modules\next\dist\compiled\next-server\app-page.runtime.prod.js:12:46252)
    at nM (C:\Users\Banjo\.gemini\antigravity\scratch\likkle-legends\node_modules\next\dist\compiled\next-server\app-page.runtime.prod.js:12:47572)
    at nM (C:\Users\Banjo\.gemini\antigravity\scratch\likkle-legends\node_modules\next\dist\compiled\next-server\app-page.runtime.prod.js:12:61547)
    at nL (C:\Users\Banjo\.gemini\antigravity\scratch\likkle-legends\node_modules\next\dist\compiled\next-server\app-page.runtime.prod.js:12:64547)
    at nB (C:\Users\Banjo\.gemini\antigravity\scratch\likkle-legends\node_modules\next\dist\compiled\next-server\app-page.runtime.prod.js:12:67539)
    at nD (C:\Users\Banjo\.gemini\antigravity\scratch\likkle-legends\node_modules\next\dist\compiled\next-server\app-page.runtime.prod.js:12:66681)
    at nL (C:\Users\Banjo\.gemini\antigravity\scratch\likkle-legends\node_modules\next\dist\compiled\next-server\app-page.runtime.prod.js:12:64854)

Error occurred prerendering page "/contact". Read more: https://nextjs.org/docs/messages/prerender-error

CMS Fetch Warning: TypeError: fetch failed
CMS Fetch Warning: TypeError: fetch failed
 Œì¬ø¬ª useSearchParams() should be wrapped in a suspense boundary at page "/terms". Read more: https://nextjs.org/docs/messages/missing-suspense-with-csr-bailout
    at a (C:\Users\Banjo\.gemini\antigravity\scratch\likkle-legends\.next\server\chunks\1056.js:23:16852)
    at c (C:\Users\Banjo\.gemini\antigravity\scratch\likkle-legends\.next\server\chunks\1056.js:23:27835)
    at a (C:\Users\Banjo\.gemini\antigravity\scratch\likkle-legends\.next\server\chunks\2088.js:46:2317)
    at nj (C:\Users\Banjo\.gemini\antigravity\scratch\likkle-legends\node_modules\next\dist\compiled\next-server\app-page.runtime.prod.js:12:46252)
    at nM (C:\Users\Banjo\.gemini\antigravity\scratch\likkle-legends\node_modules\next\dist\compiled\next-server\app-page.runtime.prod.js:12:47572)
    at nM (C:\Users\Banjo\.gemini\antigravity\scratch\likkle-legends\node_modules\next\dist\compiled\next-server\app-page.runtime.prod.js:12:61547)
    at nL (C:\Users\Banjo\.gemini\antigravity\scratch\likkle-legends\node_modules\next\dist\compiled\next-server\app-page.runtime.prod.js:12:64547)
    at nB (C:\Users\Banjo\.gemini\antigravity\scratch\likkle-legends\node_modules\next\dist\compiled\next-server\app-page.runtime.prod.js:12:67539)
    at nD (C:\Users\Banjo\.gemini\antigravity\scratch\likkle-legends\node_modules\next\dist\compiled\next-server\app-page.runtime.prod.js:12:66681)
    at nL (C:\Users\Banjo\.gemini\antigravity\scratch\likkle-legends\node_modules\next\dist\compiled\next-server\app-page.runtime.prod.js:12:64854)

Error occurred prerendering page "/terms". Read more: https://nextjs.org/docs/messages/prerender-error

CMS Fetch Warning: TypeError: fetch failed
CMS Fetch Warning: TypeError: fetch failed
 Œì¬ø¬ª useSearchParams() should be wrapped in a suspense boundary at page "/shipping". Read more: https://nextjs.org/docs/messages/missing-suspense-with-csr-bailout
    at a (C:\Users\Banjo\.gemini\antigravity\scratch\likkle-legends\.next\server\chunks\1056.js:23:16852)
    at c (C:\Users\Banjo\.gemini\antigravity\scratch\likkle-legends\.next\server\chunks\1056.js:23:27835)
    at a (C:\Users\Banjo\.gemini\antigravity\scratch\likkle-legends\.next\server\chunks\2088.js:46:2317)
    at nj (C:\Users\Banjo\.gemini\antigravity\scratch\likkle-legends\node_modules\next\dist\compiled\next-server\app-page.runtime.prod.js:12:46252)
    at nM (C:\Users\Banjo\.gemini\antigravity\scratch\likkle-legends\node_modules\next\dist\compiled\next-server\app-page.runtime.prod.js:12:47572)
    at nM (C:\Users\Banjo\.gemini\antigravity\scratch\likkle-legends\node_modules\next\dist\compiled\next-server\app-page.runtime.prod.js:12:61547)
    at nL (C:\Users\Banjo\.gemini\antigravity\scratch\likkle-legends\node_modules\next\dist\compiled\next-server\app-page.runtime.prod.js:12:64547)
    at nB (C:\Users\Banjo\.gemini\antigravity\scratch\likkle-legends\node_modules\next\dist\compiled\next-server\app-page.runtime.prod.js:12:67539)
    at nD (C:\Users\Banjo\.gemini\antigravity\scratch\likkle-legends\node_modules\next\dist\compiled\next-server\app-page.runtime.prod.js:12:66681)
    at nL (C:\Users\Banjo\.gemini\antigravity\scratch\likkle-legends\node_modules\next\dist\compiled\next-server\app-page.runtime.prod.js:12:64854)

Error occurred prerendering page "/shipping". Read more: https://nextjs.org/docs/messages/prerender-error

CMS Fetch Warning: TypeError: fetch failed
CMS Fetch Warning: TypeError: fetch failed
 Œì¬ø¬ª useSearchParams() should be wrapped in a suspense boundary at page "/safety". Read more: https://nextjs.org/docs/messages/missing-suspense-with-csr-bailout
    at a (C:\Users\Banjo\.gemini\antigravity\scratch\likkle-legends\.next\server\chunks\1056.js:23:16852)
    at c (C:\Users\Banjo\.gemini\antigravity\scratch\likkle-legends\.next\server\chunks\1056.js:23:27835)
    at a (C:\Users\Banjo\.gemini\antigravity\scratch\likkle-legends\.next\server\chunks\2088.js:46:2317)
    at nj (C:\Users\Banjo\.gemini\antigravity\scratch\likkle-legends\node_modules\next\dist\compiled\next-server\app-page.runtime.prod.js:12:46252)
    at nM (C:\Users\Banjo\.gemini\antigravity\scratch\likkle-legends\node_modules\next\dist\compiled\next-server\app-page.runtime.prod.js:12:47572)
    at nM (C:\Users\Banjo\.gemini\antigravity\scratch\likkle-legends\node_modules\next\dist\compiled\next-server\app-page.runtime.prod.js:12:61547)
    at nL (C:\Users\Banjo\.gemini\antigravity\scratch\likkle-legends\node_modules\next\dist\compiled\next-server\app-page.runtime.prod.js:12:64547)
    at nB (C:\Users\Banjo\.gemini\antigravity\scratch\likkle-legends\node_modules\next\dist\compiled\next-server\app-page.runtime.prod.js:12:67539)
    at nD (C:\Users\Banjo\.gemini\antigravity\scratch\likkle-legends\node_modules\next\dist\compiled\next-server\app-page.runtime.prod.js:12:66681)
    at nL (C:\Users\Banjo\.gemini\antigravity\scratch\likkle-legends\node_modules\next\dist\compiled\next-server\app-page.runtime.prod.js:12:64854)

Error occurred prerendering page "/safety". Read more: https://nextjs.org/docs/messages/prerender-error

CMS Fetch Warning: TypeError: fetch failed
CMS Fetch Warning: TypeError: fetch failed
 Œì¬ø¬ª useSearchParams() should be wrapped in a suspense boundary at page "/promoters". Read more: https://nextjs.org/docs/messages/missing-suspense-with-csr-bailout
    at a (C:\Users\Banjo\.gemini\antigravity\scratch\likkle-legends\.next\server\chunks\1056.js:23:16852)
    at c (C:\Users\Banjo\.gemini\antigravity\scratch\likkle-legends\.next\server\chunks\1056.js:23:27835)
    at a (C:\Users\Banjo\.gemini\antigravity\scratch\likkle-legends\.next\server\chunks\2088.js:46:2317)
    at nj (C:\Users\Banjo\.gemini\antigravity\scratch\likkle-legends\node_modules\next\dist\compiled\next-server\app-page.runtime.prod.js:12:46252)
    at nM (C:\Users\Banjo\.gemini\antigravity\scratch\likkle-legends\node_modules\next\dist\compiled\next-server\app-page.runtime.prod.js:12:47572)
    at nM (C:\Users\Banjo\.gemini\antigravity\scratch\likkle-legends\node_modules\next\dist\compiled\next-server\app-page.runtime.prod.js:12:61547)
    at nL (C:\Users\Banjo\.gemini\antigravity\scratch\likkle-legends\node_modules\next\dist\compiled\next-server\app-page.runtime.prod.js:12:64547)
    at nB (C:\Users\Banjo\.gemini\antigravity\scratch\likkle-legends\node_modules\next\dist\compiled\next-server\app-page.runtime.prod.js:12:67539)
    at nD (C:\Users\Banjo\.gemini\antigravity\scratch\likkle-legends\node_modules\next\dist\compiled\next-server\app-page.runtime.prod.js:12:66681)
    at nL (C:\Users\Banjo\.gemini\antigravity\scratch\likkle-legends\node_modules\next\dist\compiled\next-server\app-page.runtime.prod.js:12:64854)

Error occurred prerendering page "/promoters". Read more: https://nextjs.org/docs/messages/prerender-error

 Œì¬£√¥ Generating static pages (120/120)

> Export encountered errors on following paths:
	/_not-found/page: /_not-found
	/about/page: /about
	/account/page: /account
	/admin/affiliates/page: /admin/affiliates
	/admin/ai-review/page: /admin/ai-review
	/admin/analytics/page: /admin/analytics
	/admin/announcements/page: /admin/announcements
	/admin/approval/page: /admin/approval
	/admin/assets/page: /admin/assets
	/admin/auto-content/page: /admin/auto-content
	/admin/blog/page: /admin/blog
	/admin/central/page: /admin/central
	/admin/characters/page: /admin/characters
	/admin/client-debug/page: /admin/client-debug
	/admin/cms/page: /admin/cms
	/admin/content/page: /admin/content
	/admin/content/printables/page: /admin/content/printables
	/admin/contests/page: /admin/contests
	/admin/custom-requests/page: /admin/custom-requests
	/admin/customers/page: /admin/customers
	/admin/debug-ai/page: /admin/debug-ai
	/admin/debug/page: /admin/debug
	/admin/decodable/page: /admin/decodable
	/admin/email-engine/page: /admin/email-engine
	/admin/games/page: /admin/games
	/admin/leads/page: /admin/leads
	/admin/media/page: /admin/media
	/admin/messages/page: /admin/messages
	/admin/orders/page: /admin/orders
	/admin/page: /admin
	/admin/personality/page: /admin/personality
	/admin/pixels/page: /admin/pixels
	/admin/promoters/page: /admin/promoters
	/admin/settings/page: /admin/settings
	/admin/store-analytics/page: /admin/store-analytics
	/admin/studio/page: /admin/studio
	/admin/verify/page: /admin/verify
	/analytics/page: /analytics
	/blog/page: /blog
	/characters/page: /characters
	/checkout/page: /checkout
	/contact/page: /contact
	/dashboard/admin/pixels/page: /dashboard/admin/pixels
	/dashboard/page: /dashboard
	/dashboard/printables/page: /dashboard/printables
	/dashboard/songs/page: /dashboard/songs
	/dashboard/stories/page: /dashboard/stories
	/educators/page: /educators
	/faq/page: /faq
	/forgot-password/page: /forgot-password
	/get-started/page: /get-started
	/grandparent/access/page: /grandparent/access
	/grandparent/page: /grandparent
	/intro-checkout/page: /intro-checkout
	/login/page: /login
	/messages/page: /messages
	/notifications/page: /notifications
	/onboarding/child/page: /onboarding/child
	/onboarding/complete/page: /onboarding/complete
	/onboarding/welcome/page: /onboarding/welcome
	/page: /
	/parent/page: /parent
	/portal/badges/page: /portal/badges
	/portal/games/anansi-web/page: /portal/games/anansi-web
	/portal/games/color-match/page: /portal/games/color-match
	/portal/games/mango-catch/page: /portal/games/mango-catch
	/portal/games/page: /portal/games
	/portal/lessons/page: /portal/lessons
	/portal/missions/page: /portal/missions
	/portal/page: /portal
	/portal/printables/page: /portal/printables
	/portal/radio/page: /portal/radio
	/portal/settings/page: /portal/settings
	/portal/store/page: /portal/store
	/portal/stories/page: /portal/stories
	/portal/story-studio/page: /portal/story-studio
	/pricing/page: /pricing
	/privacy/page: /privacy
	/profile/page: /profile
	/promoters/page: /promoters
	/safety/page: /safety
	/schools/page: /schools
	/shipping/page: /shipping
	/signup/page: /signup
	/story-demo/page: /story-demo
	/terms/page: /terms
