npm warn Unknown project config "∩┐╜∩┐╜l e g a c y - p e e r - d e p s ". This will stop working in the next major version of npm.
npm warn Unknown project config " ". This will stop working in the next major version of npm.
components/ui/accordion.tsx(2,37): error TS2307: Cannot find module '@radix-ui/react-accordion' or its corresponding type declarations.
