npm warn Unknown project config "∩┐╜∩┐╜l e g a c y - p e e r - d e p s ". This will stop working in the next major version of npm.
npm warn Unknown project config " ". This will stop working in the next major version of npm.
app/admin/contests/page.tsx(6,54): error TS2305: Module '"@/components/admin/AdminComponents"' has no exported member 'Trophy'.
app/page.tsx(26,3): error TS2305: Module '"@/components/landing"' has no exported member 'TrustBar'.
app/page.tsx(50,24): error TS2322: Type '{ isLandingPage: boolean; }' is not assignable to type 'IntrinsicAttributes'.
  Property 'isLandingPage' does not exist on type 'IntrinsicAttributes'.
components/admin/UserManagement.tsx(4,10): error TS2305: Module '"@/app/actions/admin"' has no exported member 'getAllUsersAction'.
components/CharacterARViewer.tsx(37,16): error TS2307: Cannot find module '@google/model-viewer' or its corresponding type declarations.
components/FAQClient.tsx(15,34): error TS2339: Property 'faq' does not exist on type '{ meta: { title: string; description: string; canonical_url: string; og_image: string; }; notification_bar: { enabled: boolean; text: string; subtext: string; countdown: { enabled: boolean; duration_hours: number; }; }; ... 12 more ...; educator_block: { ...; }; }'.
components/FAQClient.tsx(20,30): error TS2339: Property 'faq' does not exist on type '{ meta: { title: string; description: string; canonical_url: string; og_image: string; }; notification_bar: { enabled: boolean; text: string; subtext: string; countdown: { enabled: boolean; duration_hours: number; }; }; ... 12 more ...; educator_block: { ...; }; }'.
components/FAQClient.tsx(20,45): error TS7006: Parameter 'item' implicitly has an 'any' type.
components/FAQClient.tsx(20,51): error TS7006: Parameter 'i' implicitly has an 'any' type.
components/Footer.tsx(9,13): error TS2339: Property 'footer' does not exist on type '{ meta: { title: string; description: string; canonical_url: string; og_image: string; }; notification_bar: { enabled: boolean; text: string; subtext: string; countdown: { enabled: boolean; duration_hours: number; }; }; ... 12 more ...; educator_block: { ...; }; }'.
components/Footer.tsx(43,38): error TS7006: Parameter 'col' implicitly has an 'any' type.
components/Footer.tsx(43,43): error TS7006: Parameter 'i' implicitly has an 'any' type.
components/Footer.tsx(47,45): error TS7006: Parameter 'link' implicitly has an 'any' type.
components/Footer.tsx(47,51): error TS7006: Parameter 'j' implicitly has an 'any' type.
components/landing/ClientAnalytics.tsx(3,10): error TS2305: Module '"@/lib/analytics"' has no exported member 'useScrollTracking'.
components/StoryGenerator.tsx(22,19): error TS2339: Property 'upsell_note' does not exist on type '{ title: string; subtitle: string; v2: { loading_steps: { id: string; label: string; }[]; fun_facts: string[]; vibes: { id: string; label: string; kid_prompt: string; icon: string; color_hint: string; audio_tone: string; emoji: string; }[]; }; form: { ...; }; vibes: { ...; }[]; }'.
lib/database.ts(10,1): error TS2308: Module './services/gamification' has already exported a member named 'getChildBadges'. Consider explicitly re-exporting to resolve the ambiguity.
services/storageService.ts(43,13): error TS2353: Object literal may only specify known properties, and 'useProxy' does not exist in type '{ useAdmin?: boolean | undefined; customClient?: any; upsert?: boolean | undefined; onProgress?: ((percent: number) => void) | undefined; }'.
